[    0.000000] Initializing cgroup subsys cpuset
[    0.000000] Initializing cgroup subsys cpu
[    0.000000] Initializing cgroup subsys cpuacct
[    0.000000] Linux version 4.4.0-210-generic (buildd@lgw01-amd64-009) (gcc version 5.4.0 20160609 (Ubuntu 5.4.0-6ubuntu1~16.04.12) ) #242-Ubuntu SMP Fri Apr 16 09:57:56 UTC 2021 (Ubuntu 4.4.0-210.242-generic 4.4.262)
[    0.000000] Command line: BOOT_IMAGE=/boot/vmlinuz-4.4.0-210-generic root=LABEL=cloudimg-rootfs ro console=tty1 console=ttyS0
[    0.000000] KERNEL supported cpus:
[    0.000000]   Intel GenuineIntel
[    0.000000]   AMD AuthenticAMD
[    0.000000]   Centaur CentaurHauls
[    0.000000] x86/fpu: xstate_offset[2]:  576, xstate_sizes[2]:  256
[    0.000000] x86/fpu: Supporting XSAVE feature 0x01: 'x87 floating point registers'
[    0.000000] x86/fpu: Supporting XSAVE feature 0x02: 'SSE registers'
[    0.000000] x86/fpu: Supporting XSAVE feature 0x04: 'AVX registers'
[    0.000000] x86/fpu: Enabled xstate features 0x7, context size is 832 bytes, using 'standard' format.
[    0.000000] e820: BIOS-provided physical RAM map:
[    0.000000] BIOS-e820: [mem 0x0000000000000000-0x000000000009fbff] usable
[    0.000000] BIOS-e820: [mem 0x000000000009fc00-0x000000000009ffff] reserved
[    0.000000] BIOS-e820: [mem 0x00000000000f0000-0x00000000000fffff] reserved
[    0.000000] BIOS-e820: [mem 0x0000000000100000-0x000000003ffeffff] usable
[    0.000000] BIOS-e820: [mem 0x000000003fff0000-0x000000003fffffff] ACPI data
[    0.000000] BIOS-e820: [mem 0x00000000fec00000-0x00000000fec00fff] reserved
[    0.000000] BIOS-e820: [mem 0x00000000fee00000-0x00000000fee00fff] reserved
[    0.000000] BIOS-e820: [mem 0x00000000fffc0000-0x00000000ffffffff] reserved
[    0.000000] NX (Execute Disable) protection: active
[    0.000000] SMBIOS 2.5 present.
[    0.000000] Hypervisor detected: KVM
[    0.000000] e820: last_pfn = 0x3fff0 max_arch_pfn = 0x400000000
[    0.000000] MTRR: Disabled
[    0.000000] x86/PAT: MTRRs disabled, skipping PAT initialization too.
[    0.000000] CPU MTRRs all blank - virtualized system.
[    0.000000] x86/PAT: Configuration [0-7]: WB  WT  UC- UC  WB  WT  UC- UC  
[    0.000000] found SMP MP-table at [mem 0x0009fff0-0x0009ffff] mapped at [ffff88000009fff0]
[    0.000000] Scanning 1 areas for low memory corruption
[    0.000000] RAMDISK: [mem 0x3613c000-0x37095fff]
[    0.000000] ACPI: Early table checksum verification disabled
[    0.000000] ACPI: RSDP 0x00000000000E0000 000024 (v02 VBOX  )
[    0.000000] ACPI: XSDT 0x000000003FFF0030 00003C (v01 VBOX   VBOXXSDT 00000001 ASL  00000061)
[    0.000000] ACPI: FACP 0x000000003FFF00F0 0000F4 (v04 VBOX   VBOXFACP 00000001 ASL  00000061)
[    0.000000] ACPI: DSDT 0x000000003FFF0470 002325 (v02 VBOX   VBOXBIOS 00000002 INTL 20200925)
[    0.000000] ACPI: FACS 0x000000003FFF0200 000040
[    0.000000] ACPI: FACS 0x000000003FFF0200 000040
[    0.000000] ACPI: APIC 0x000000003FFF0240 00005C (v02 VBOX   VBOXAPIC 00000001 ASL  00000061)
[    0.000000] ACPI: SSDT 0x000000003FFF02A0 0001CC (v01 VBOX   VBOXCPUT 00000002 INTL 20200925)
[    0.000000] No NUMA configuration found
[    0.000000] Faking a node at [mem 0x0000000000000000-0x000000003ffeffff]
[    0.000000] NODE_DATA(0) allocated [mem 0x3ffeb000-0x3ffeffff]
[    0.000000] kvm-clock: Using msrs 4b564d01 and 4b564d00
[    0.000000] kvm-clock: cpu 0, msr 0:3ffe3001, primary cpu clock
[    0.000000] kvm-clock: using sched offset of 3042874061 cycles
[    0.000000] clocksource: kvm-clock: mask: 0xffffffffffffffff max_cycles: 0x1cd42e4dffb, max_idle_ns: 881590591483 ns
[    0.000000] Zone ranges:
[    0.000000]   DMA      [mem 0x0000000000001000-0x0000000000ffffff]
[    0.000000]   DMA32    [mem 0x0000000001000000-0x000000003ffeffff]
[    0.000000]   Normal   empty
[    0.000000]   Device   empty
[    0.000000] Movable zone start for each node
[    0.000000] Early memory node ranges
[    0.000000]   node   0: [mem 0x0000000000001000-0x000000000009efff]
[    0.000000]   node   0: [mem 0x0000000000100000-0x000000003ffeffff]
[    0.000000] Initmem setup node 0 [mem 0x0000000000001000-0x000000003ffeffff]
[    0.000000] ACPI: PM-Timer IO Port: 0x4008
[    0.000000] IOAPIC[0]: apic_id 2, version 32, address 0xfec00000, GSI 0-23
[    0.000000] ACPI: INT_SRC_OVR (bus 0 bus_irq 0 global_irq 2 dfl dfl)
[    0.000000] ACPI: INT_SRC_OVR (bus 0 bus_irq 9 global_irq 9 low level)
[    0.000000] Using ACPI (MADT) for SMP configuration information
[    0.000000] smpboot: Allowing 2 CPUs, 0 hotplug CPUs
[    0.000000] PM: Registered nosave memory: [mem 0x00000000-0x00000fff]
[    0.000000] PM: Registered nosave memory: [mem 0x0009f000-0x0009ffff]
[    0.000000] PM: Registered nosave memory: [mem 0x000a0000-0x000effff]
[    0.000000] PM: Registered nosave memory: [mem 0x000f0000-0x000fffff]
[    0.000000] e820: [mem 0x40000000-0xfebfffff] available for PCI devices
[    0.000000] Booting paravirtualized kernel on KVM
[    0.000000] clocksource: refined-jiffies: mask: 0xffffffff max_cycles: 0xffffffff, max_idle_ns: 7645519600211568 ns
[    0.000000] setup_percpu: NR_CPUS:512 nr_cpumask_bits:512 nr_cpu_ids:2 nr_node_ids:1
[    0.000000] PERCPU: Embedded 33 pages/cpu @ffff88003fc00000 s95192 r8192 d31784 u1048576
[    0.000000] Built 1 zonelists in Node order, mobility grouping on.  Total pages: 257912
[    0.000000] Policy zone: DMA32
[    0.000000] Kernel command line: BOOT_IMAGE=/boot/vmlinuz-4.4.0-210-generic root=LABEL=cloudimg-rootfs ro console=tty1 console=ttyS0
[    0.000000] PID hash table entries: 4096 (order: 3, 32768 bytes)
[    0.000000] Memory: 996960K/1048120K available (8644K kernel code, 1332K rwdata, 4044K rodata, 1492K init, 1164K bss, 51160K reserved, 0K cma-reserved)
[    0.000000] SLUB: HWalign=64, Order=0-3, MinObjects=0, CPUs=2, Nodes=1
[    0.000000] Kernel/User page tables isolation: enabled
[    0.000000] Hierarchical RCU implementation.
[    0.000000] 	Build-time adjustment of leaf fanout to 64.
[    0.000000] 	RCU restricting CPUs from NR_CPUS=512 to nr_cpu_ids=2.
[    0.000000] RCU: Adjusting geometry for rcu_fanout_leaf=64, nr_cpu_ids=2
[    0.000000] NR_IRQS:33024 nr_irqs:440 16
[    0.000000] Console: colour VGA+ 80x25
[    0.000000] console [tty1] enabled
[    0.000000] console [ttyS0] enabled
[    0.000000] tsc: Detected 2112.002 MHz processor
[    0.109434] Calibrating delay loop (skipped) preset value.. 4224.00 BogoMIPS (lpj=8448008)
[    0.110761] pid_max: default: 32768 minimum: 301
[    0.111464] ACPI: Core revision 20150930
[    0.112897] ACPI: 2 ACPI AML tables successfully acquired and loaded
[    0.113904] Security Framework initialized
[    0.114553] Yama: becoming mindful.
[    0.115174] AppArmor: AppArmor initialized
[    0.115873] Dentry cache hash table entries: 131072 (order: 8, 1048576 bytes)
[    0.117427] Inode-cache hash table entries: 65536 (order: 7, 524288 bytes)
[    0.118471] Mount-cache hash table entries: 2048 (order: 2, 16384 bytes)
[    0.119376] Mountpoint-cache hash table entries: 2048 (order: 2, 16384 bytes)
[    0.120500] Initializing cgroup subsys io
[    0.121198] Initializing cgroup subsys memory
[    0.121892] Initializing cgroup subsys devices
[    0.122652] Initializing cgroup subsys freezer
[    0.123473] Initializing cgroup subsys net_cls
[    0.124189] Initializing cgroup subsys perf_event
[    0.125000] Initializing cgroup subsys net_prio
[    0.125786] Initializing cgroup subsys hugetlb
[    0.126493] Initializing cgroup subsys pids
[    0.138935] mce: CPU supports 0 MCE banks
[    0.139671] Last level iTLB entries: 4KB 64, 2MB 8, 4MB 8
[    0.140483] Last level dTLB entries: 4KB 64, 2MB 0, 4MB 0, 1GB 4
[    0.141434] Spectre V1 : Mitigation: usercopy/swapgs barriers and __user pointer sanitization
[    0.142866] Spectre V2 : Mitigation: Full generic retpoline
[    0.143701] Spectre V2 : Spectre v2 / SpectreRSB mitigation: Filling RSB on context switch
[    0.145102] Speculative Store Bypass: Vulnerable
[    0.145880] SRBDS: Unknown: Dependent on hypervisor status
[    0.146735] MDS: Mitigation: Clear CPU buffers
[    0.149702] Freeing SMP alternatives memory: 36K
[    0.155191] ftrace: allocating 32380 entries in 127 pages
[    0.206895] smpboot: APIC(0) Converting physical 0 to logical package 0
[    0.207914] smpboot: Max logical packages: 1
[    0.209880] x2apic enabled
[    0.211564] Switched APIC routing to physical x2apic.
[    0.213518] ..TIMER: vector=0x30 apic1=0 pin1=2 apic2=-1 pin2=-1
[    0.322474] APIC calibration not consistent with PM-Timer: 97ms instead of 100ms
[    0.324218] APIC delta adjusted to PM-Timer: 6251427 (6073483)
[    0.325326] smpboot: CPU0: Intel(R) Core(TM) i5-10210U CPU @ 1.60GHz (family: 0x6, model: 0x8e, stepping: 0xc)
[    0.326989] Performance Events: unsupported p6 CPU model 142 no PMU driver, software events only.
[    0.337571] KVM setup paravirtual spinlock
[    0.338904] x86: Booting SMP configuration:
[    0.339661] .... node  #0, CPUs:      #1
[    0.340477] kvm-clock: cpu 1, msr 0:3ffe3041, secondary cpu clock
[    0.352252] mce: CPU supports 0 MCE banks
[    0.354670] x86: Booted up 1 node, 2 CPUs
[    0.355595] smpboot: Total of 2 processors activated (8448.00 BogoMIPS)
[    0.357071] devtmpfs: initialized
[    0.359285] evm: security.selinux
[    0.359932] evm: security.SMACK64
[    0.360537] evm: security.SMACK64EXEC
[    0.361182] evm: security.SMACK64TRANSMUTE
[    0.361905] evm: security.SMACK64MMAP
[    0.362562] evm: security.ima
[    0.363171] evm: security.capability
[    0.364125] clocksource: jiffies: mask: 0xffffffff max_cycles: 0xffffffff, max_idle_ns: 7645041785100000 ns
[    0.365870] futex hash table entries: 512 (order: 3, 32768 bytes)
[    0.367018] pinctrl core: initialized pinctrl subsystem
[    0.368041] RTC time:  5:43:57, date: 02/23/23
[    0.369144] NET: Registered protocol family 16
[    0.381768] cpuidle: using governor ladder
[    0.394084] cpuidle: using governor menu
[    0.395443] PCCT header not found.
[    0.396791] ACPI: bus type PCI registered
[    0.398144] acpiphp: ACPI Hot Plug PCI Controller Driver version: 0.5
[    0.400204] PCI: Using configuration type 1 for base access
[    0.415249] ACPI: Added _OSI(Module Device)
[    0.416687] ACPI: Added _OSI(Processor Device)
[    0.418111] ACPI: Added _OSI(3.0 _SCP Extensions)
[    0.419663] ACPI: Added _OSI(Processor Aggregator Device)
[    0.422244] ACPI: Executed 1 blocks of module-level executable AML code
[    0.427078] ACPI: Interpreter enabled
[    0.428359] ACPI: (supports S0 S5)
[    0.429420] ACPI: Using IOAPIC for interrupt routing
[    0.430962] PCI: Using host bridge windows from ACPI; if necessary, use "pci=nocrs" and report a bug
[    0.436809] ACPI: PCI Root Bridge [PCI0] (domain 0000 [bus 00-ff])
[    0.438188] acpi PNP0A03:00: _OSC: OS supports [ASPM ClockPM Segments MSI]
[    0.439885] acpi PNP0A03:00: _OSC: not requesting OS control; OS requires [ExtendedConfig ASPM ClockPM MSI]
[    0.441815] acpi PNP0A03:00: fail to add MMCONFIG information, can't access extended PCI configuration space under this bridge.
[    0.444248] PCI host bridge to bus 0000:00
[    0.445056] pci_bus 0000:00: root bus resource [io  0x0000-0x0cf7 window]
[    0.446236] pci_bus 0000:00: root bus resource [io  0x0d00-0xffff window]
[    0.447400] pci_bus 0000:00: root bus resource [mem 0x000a0000-0x000bffff window]
[    0.448864] pci_bus 0000:00: root bus resource [mem 0x40000000-0xfdffffff window]
[    0.450271] pci_bus 0000:00: root bus resource [bus 00-ff]
[    0.460320] pci 0000:00:01.1: legacy IDE quirk: reg 0x10: [io  0x01f0-0x01f7]
[    0.461556] pci 0000:00:01.1: legacy IDE quirk: reg 0x14: [io  0x03f6]
[    0.462719] pci 0000:00:01.1: legacy IDE quirk: reg 0x18: [io  0x0170-0x0177]
[    0.464038] pci 0000:00:01.1: legacy IDE quirk: reg 0x1c: [io  0x0376]
[    0.475895] pci 0000:00:07.0: quirk: [io  0x4000-0x403f] claimed by PIIX4 ACPI
[    0.477262] pci 0000:00:07.0: quirk: [io  0x4100-0x410f] claimed by PIIX4 SMB
[    0.485929] ACPI: PCI Interrupt Link [LNKA] (IRQs 5 9 10 *11)
[    0.487427] ACPI: PCI Interrupt Link [LNKB] (IRQs 5 9 *10 11)
[    0.488836] ACPI: PCI Interrupt Link [LNKC] (IRQs 5 *9 10 11)
[    0.490260] ACPI: PCI Interrupt Link [LNKD] (IRQs 5 9 10 *11)
[    0.491776] ACPI: Enabled 2 GPEs in block 00 to 07
[    0.493010] vgaarb: setting as boot device: PCI:0000:00:02.0
[    0.494092] vgaarb: device added: PCI:0000:00:02.0,decodes=io+mem,owns=io+mem,locks=none
[    0.495648] vgaarb: loaded
[    0.496262] vgaarb: bridge control possible 0000:00:02.0
[    0.497584] SCSI subsystem initialized
[    0.498554] ACPI: bus type USB registered
[    0.499377] usbcore: registered new interface driver usbfs
[    0.500382] usbcore: registered new interface driver hub
[    0.501325] usbcore: registered new device driver usb
[    0.503080] PCI: Using ACPI for IRQ routing
[    0.504181] NetLabel: Initializing
[    0.504888] NetLabel:  domain hash size = 128
[    0.505806] NetLabel:  protocols = UNLABELED CIPSOv4
[    0.506783] NetLabel:  unlabeled traffic allowed by default
[    0.507948] amd_nb: Cannot enumerate AMD northbridges
[    0.508932] clocksource: Switched to clocksource kvm-clock
[    0.515233] AppArmor: AppArmor Filesystem Enabled
[    0.516226] pnp: PnP ACPI init
[    0.517463] pnp: PnP ACPI: found 3 devices
[    0.525728] clocksource: acpi_pm: mask: 0xffffff max_cycles: 0xffffff, max_idle_ns: 2085701024 ns
[    0.527309] NET: Registered protocol family 2
[    0.528910] TCP established hash table entries: 8192 (order: 4, 65536 bytes)
[    0.531268] TCP bind hash table entries: 8192 (order: 5, 131072 bytes)
[    0.532334] TCP: Hash tables configured (established 8192 bind 8192)
[    0.533255] UDP hash table entries: 512 (order: 2, 16384 bytes)
[    0.534104] UDP-Lite hash table entries: 512 (order: 2, 16384 bytes)
[    0.535031] NET: Registered protocol family 1
[    0.535736] pci 0000:00:00.0: Limiting direct PCI/PCI transfers
[    0.536616] pci 0000:00:01.0: Activating ISA DMA hang workarounds
[    0.537580] Unpacking initramfs...
[    0.731680] Freeing initrd memory: 15720K
[    0.732706] clocksource: tsc: mask: 0xffffffffffffffff max_cycles: 0x1e717a67afe, max_idle_ns: 440795258295 ns
[    0.734206] platform rtc_cmos: registered platform RTC device (no PNP device found)
[    0.735427] Scanning for low memory corruption every 60 seconds
[    0.736597] audit: initializing netlink subsys (disabled)
[    0.737448] audit: type=2000 audit(1677131042.506:1): initialized
[    0.738521] Initialise system trusted keyring
[    0.739325] HugeTLB registered 2 MB page size, pre-allocated 0 pages
[    0.741173] zbud: loaded
[    0.742012] VFS: Disk quotas dquot_6.6.0
[    0.742695] VFS: Dquot-cache hash table entries: 512 (order 0, 4096 bytes)
[    0.743856] squashfs: version 4.0 (2009/01/31) Phillip Lougher
[    0.745371] fuse init (API version 7.23)
[    0.746099] Key type big_key registered
[    0.746728] Allocating IMA MOK and blacklist keyrings.
[    0.748292] Key type asymmetric registered
[    0.749002] Asymmetric key parser 'x509' registered
[    0.749821] Block layer SCSI generic (bsg) driver version 0.4 loaded (major 249)
[    0.751050] io scheduler noop registered
[    0.751695] io scheduler deadline registered (default)
[    0.752489] io scheduler cfq registered
[    0.753247] pci_hotplug: PCI Hot Plug PCI Core version: 0.5
[    0.754053] pciehp: PCI Express Hot Plug Controller Driver version: 0.4
[    0.755042] ACPI: AC Adapter [AC] (on-line)
[    0.755743] input: Power Button as /devices/LNXSYSTM:00/LNXPWRBN:00/input/input0
[    0.756920] ACPI: Power Button [PWRF]
[    0.757593] input: Sleep Button as /devices/LNXSYSTM:00/LNXSLPBN:00/input/input1
[    0.758748] ACPI: Sleep Button [SLPF]
[    0.759482] GHES: HEST is not enabled!
[    0.760569] ACPI: Battery Slot [BAT0] (battery present)
[    0.761373] Serial: 8250/16550 driver, 32 ports, IRQ sharing enabled
[    0.782702] 00:02: ttyS0 at I/O 0x3f8 (irq = 4, base_baud = 115200) is a 16550A
[    0.785488] Linux agpgart interface v0.103
[    0.787272] loop: module loaded
[    0.788253] scsi host0: ata_piix
[    0.788873] scsi host1: ata_piix
[    0.789470] ata1: PATA max UDMA/33 cmd 0x1f0 ctl 0x3f6 bmdma 0xd000 irq 14
[    0.790412] ata2: PATA max UDMA/33 cmd 0x170 ctl 0x376 bmdma 0xd008 irq 15
[    0.791400] libphy: Fixed MDIO Bus: probed
[    0.792065] tun: Universal TUN/TAP device driver, 1.6
[    0.792820] tun: (C) 1999-2004 Max Krasnyansky <maxk@qualcomm.com>
[    0.793761] PPP generic driver version 2.4.2
[    0.794471] ehci_hcd: USB 2.0 'Enhanced' Host Controller (EHCI) Driver
[    0.795355] ehci-pci: EHCI PCI platform driver
[    0.796116] ehci-platform: EHCI generic platform driver
[    0.796895] ohci_hcd: USB 1.1 'Open' Host Controller (OHCI) Driver
[    0.798070] ohci-pci: OHCI PCI platform driver
[    0.798816] ohci-platform: OHCI generic platform driver
[    0.799612] uhci_hcd: USB Universal Host Controller Interface driver
[    0.800540] i8042: PNP: PS/2 Controller [PNP0303:PS2K,PNP0f03:PS2M] at 0x60,0x64 irq 1,12
[    0.802219] serio: i8042 KBD port at 0x60,0x64 irq 1
[    0.802939] serio: i8042 AUX port at 0x60,0x64 irq 12
[    0.803856] mousedev: PS/2 mouse device common for all mice
[    0.805031] input: AT Translated Set 2 keyboard as /devices/platform/i8042/serio0/input/input2
[    0.806453] rtc_cmos rtc_cmos: rtc core: registered rtc_cmos as rtc0
[    0.807369] rtc_cmos rtc_cmos: alarms up to one day, 114 bytes nvram
[    0.808253] i2c /dev entries driver
[    0.808913] device-mapper: uevent: version 1.0.3
[    0.809702] device-mapper: ioctl: 4.34.0-ioctl (2015-10-28) initialised: dm-devel@redhat.com
[    0.810974] ledtrig-cpu: registered to indicate activity on CPUs
[    0.812218] NET: Registered protocol family 10
[    0.813127] NET: Registered protocol family 17
[    0.813859] Key type dns_resolver registered
[    0.815275] registered taskstats version 1
[    0.816029] Loading compiled-in X.509 certificates
[    0.817216] Loaded X.509 cert 'Build time autogenerated kernel key: cf00e047681d67edb2720680708b7d9498083038'
[    0.818649] zswap: loaded using pool lzo/zbud
[    0.820587] Key type trusted registered
[    0.823793] Key type encrypted registered
[    0.824433] AppArmor: AppArmor sha1 policy hashing enabled
[    0.825222] ima: No TPM chip found, activating TPM-bypass!
[    0.826071] ima: Allocated hash algorithm: sha1
[    0.826759] evm: HMAC attrs: 0x1
[    0.827531]   Magic number: 11:914:719
[    0.828250] rtc_cmos rtc_cmos: setting system clock to 2023-02-23 05:43:57 UTC (1677131037)
[    0.829591] BIOS EDD facility v0.16 2004-Jun-25, 0 devices found
[    0.830420] EDD information not available.
[    0.975093] Freeing unused kernel memory: 1492K
[    0.976739] Write protecting the kernel read-only data: 14336k
[    0.978946] Freeing unused kernel memory: 1584K
[    0.979977] Freeing unused kernel memory: 52K
Loading, please wait...
starting version 229
[    0.992310] random: systemd-udevd: uninitialized urandom read (16 bytes read, 3 bits of entropy available)
[    0.992811] random: udevadm: uninitialized urandom read (16 bytes read, 3 bits of entropy available)
[    0.992836] random: udevadm: uninitialized urandom read (16 bytes read, 3 bits of entropy available)
[    0.998052] random: systemd-udevd: uninitialized urandom read (16 bytes read, 3 bits of entropy available)
[    0.999956] random: udevadm: uninitialized urandom read (16 bytes read, 3 bits of entropy available)
[    1.000006] random: udevadm: uninitialized urandom read (16 bytes read, 3 bits of entropy available)
[    1.000139] random: udevadm: uninitialized urandom read (16 bytes read, 3 bits of entropy available)
[    1.000191] random: udevadm: uninitialized urandom read (16 bytes read, 3 bits of entropy available)
[    1.000239] random: udevadm: uninitialized urandom read (16 bytes read, 3 bits of entropy available)
[    1.000291] random: udevadm: uninitialized urandom read (16 bytes read, 3 bits of entropy available)
[    1.050114] e1000: Intel(R) PRO/1000 Network Driver - version 7.3.21-k8-NAPI
[    1.051203] e1000: Copyright (c) 1999-2006 Intel Corporation.
[    1.053839] [drm] Initialized drm 1.1.0 20060810
[    1.057199] Fusion MPT base driver 3.04.20
[    1.057921] Copyright (c) 1999-2008 LSI Corporation
[    1.061426] Fusion MPT SPI Host driver 3.04.20
[    1.062946] vboxvideo: loading out-of-tree module taints kernel.
[    1.066655] vboxvideo: module verification failed: signature and/or required key missing - tainting kernel
[    1.070582] vboxvideo: loading version 6.1.38 r153438
[    1.077715] AVX2 version of gcm_enc/dec engaged.
[    1.078583] AES CTR mode by8 optimization enabled
[    1.270095] input: ImExPS/2 Generic Explorer Mouse as /devices/platform/i8042/serio1/input/input4
[    1.396231] e1000 0000:00:03.0 eth0: (PCI:33MHz:32-bit) 02:be:82:6b:cc:1d
[    1.397576] e1000 0000:00:03.0 eth0: Intel(R) PRO/1000 Network Connection
[    1.399036] mptbase: ioc0: Initiating bringup
[    1.461507] ioc0: LSI53C1030 A0: Capabilities={Initiator}
[    1.626177] scsi host2: ioc0: LSI53C1030 A0, FwRev=00000000h, Ports=1, MaxQ=256, IRQ=20
[    1.745618] [drm] VRAM 01000000
[    1.745625] scsi 2:0:0:0: Direct-Access     VBOX     HARDDISK         1.0  PQ: 0 ANSI: 5
[    1.745648] scsi target2:0:0: Beginning Domain Validation
[    1.748705] scsi target2:0:0: Domain Validation skipping write tests
[    1.748708] scsi target2:0:0: Ending Domain Validation
[    1.748829] scsi target2:0:0: asynchronous
[    1.749626] scsi 2:0:1:0: Direct-Access     VBOX     HARDDISK         1.0  PQ: 0 ANSI: 5
[    1.749637] scsi target2:0:1: Beginning Domain Validation
[    1.751974] scsi target2:0:1: Domain Validation skipping write tests
[    1.751974] scsi target2:0:1: Ending Domain Validation
[    1.752024] scsi target2:0:1: asynchronous
[    1.764055] sd 2:0:0:0: Attached scsi generic sg0 type 0
[    1.764304] sd 2:0:0:0: [sda] 83886080 512-byte logical blocks: (42.9 GB/40.0 GiB)
[    1.764316] sd 2:0:1:0: [sdb] 20480 512-byte logical blocks: (10.5 MB/10.0 MiB)
[    1.764429] sd 2:0:1:0: [sdb] Write Protect is off
[    1.764439] sd 2:0:0:0: [sda] Write Protect is off
[    1.764492] sd 2:0:1:0: [sdb] Incomplete mode parameter data
[    1.764494] sd 2:0:1:0: [sdb] Assuming drive cache: write through
[    1.764505] sd 2:0:0:0: [sda] Incomplete mode parameter data
[    1.764507] sd 2:0:0:0: [sda] Assuming drive cache: write through
[    1.765048] sd 2:0:1:0: Attached scsi generic sg1 type 0
[    1.766542]  sda: sda1
[    1.767554] sd 2:0:0:0: [sda] Attached SCSI disk
[    1.767624] sd 2:0:1:0: [sdb] Attached SCSI disk
[    1.784706] [TTM] Zone  kernel: Available graphics memory: 507922 kiB
[    1.785907] [TTM] Initializing pool allocator
[    1.786755] [TTM] Initializing DMA pool allocator
[    1.790111] fbcon: vboxdrmfb (fb0) is primary device
[    1.796431] Console: switching to colour frame buffer device 100x37
[    1.798328] vboxvideo 0000:00:02.0: fb0: vboxdrmfb frame buffer device
[    1.813033] [drm] Initialized vboxvideo 1.0.0 20130823 for 0000:00:02.0 on minor 0
[    2.152565] e1000 0000:00:08.0 eth1: (PCI:33MHz:32-bit) 08:00:27:5c:d4:c8
[    2.153557] e1000 0000:00:08.0 eth1: Intel(R) PRO/1000 Network Connection
[    2.155075] e1000 0000:00:08.0 enp0s8: renamed from eth1
[    2.165221] e1000 0000:00:03.0 enp0s3: renamed from eth0
Begin: Loading essential drivers ... [    2.224322] md: linear personality registered for level -1
[    2.226803] md: multipath personality registered for level -4
[    2.229087] md: raid0 personality registered for level 0
[    2.232560] md: raid1 personality registered for level 1
[    2.300957] raid6: sse2x1   gen() 11703 MB/s
[    2.368988] raid6: sse2x1   xor()  7897 MB/s
[    2.436991] raid6: sse2x2   gen() 15530 MB/s
[    2.504977] raid6: sse2x2   xor() 10680 MB/s
[    2.572980] raid6: sse2x4   gen() 17802 MB/s
[    2.643644] raid6: sse2x4   xor() 11036 MB/s
[    2.708971] raid6: avx2x1   gen() 23375 MB/s
[    2.776964] raid6: avx2x2   gen() 30085 MB/s
[    2.844957] raid6: avx2x4   gen() 33182 MB/s
[    2.845579] raid6: using algorithm avx2x4 gen() 33182 MB/s
[    2.846309] raid6: using avx2x2 recovery algorithm
[    2.848080] xor: automatically using best checksumming function:
[    2.938290]    avx       : 102315.000 MB/sec
[    2.940237] async_tx: api initialized (async)
[    2.946948] md: raid6 personality registered for level 6
[    2.947728] md: raid5 personality registered for level 5
[    2.948433] md: raid4 personality registered for level 4
[    2.954331] md: raid10 personality registered for level 10
done.
Begin: Running /scripts/init-premount ... done.
Begin: Mounting root file system ... Begin: Running /scripts/local-top ... done.
Begin: Running /scripts/local-premount ... [    2.982239] Btrfs loaded
Scanning for Btrfs filesystems
done.
Begin: Will now check root file system ... fsck from util-linux 2.27.1
[/sbin/fsck.ext4 (1) -- /dev/sda1] fsck.ext4 -a -C0 /dev/sda1 
cloudimg-rootfs: clean, 67415/5120000 files, 660014/10485499 blocks
done.
[    3.016015] EXT4-fs (sda1): mounted filesystem with ordered data mode. Opts: (null)
done.
Begin: Running /scripts/local-bottom ... done.
Begin: Running /scripts/init-bottom ... done.
[    3.087057] systemd[1]: systemd 229 running in system mode. (+PAM +AUDIT +SELINUX +IMA +APPARMOR +SMACK +SYSVINIT +UTMP +LIBCRYPTSETUP +GCRYPT +GNUTLS +ACL +XZ -LZ4 +SECCOMP +BLKID +ELFUTILS +KMOD -IDN)
[    3.090815] systemd[1]: Detected virtualization oracle.
[    3.092454] systemd[1]: Detected architecture x86-64.

Welcome to [1mUbuntu 16.04.7 LTS[0m!

[    3.096834] systemd[1]: Set hostname to <web01>.
[    3.193785] systemd[1]: Reached target Encrypted Volumes.
[[0;32m  OK  [0m] Reached target Encrypted Volumes.
[    3.195694] systemd[1]: Listening on /dev/initctl Compatibility Named Pipe.
[[0;32m  OK  [0m] Listening on /dev/initctl Compatibility Named Pipe.
[    3.197847] systemd[1]: Listening on LVM2 poll daemon socket.
[[0;32m  OK  [0m] Listening on LVM2 poll daemon socket.
[    3.199855] systemd[1]: Created slice System Slice.
[[0;32m  OK  [0m] Created slice System Slice.
[    3.202379] systemd[1]: Created slice system-serial\x2dgetty.slice.
[[0;32m  OK  [0m] Created slice system-serial\x2dgetty.slice.
[    3.204602] systemd[1]: Listening on Journal Socket (/dev/log).
[[0;32m  OK  [0m] Listening on Journal Socket (/dev/log).
[    3.206766] systemd[1]: Started Forward Password Requests to Wall Directory Watch.
[[0;32m  OK  [0m] Started Forward Password Requests to Wall Directory Watch.
[    3.209040] systemd[1]: Reached target User and Group Name Lookups.
[[0;32m  OK  [0m] Reached target User and Group Name Lookups.
[    3.211002] systemd[1]: Listening on Journal Socket.
[[0;32m  OK  [0m] Listening on Journal Socket.
[    3.221167] systemd[1]: Starting Create list of required static device nodes for the current kernel...
         Starting Create list of required st... nodes for the current kernel...
[    3.224295] systemd[1]: Listening on udev Kernel Socket.
[[0;32m  OK  [0m] Listening on udev Kernel Socket.
[    3.226269] systemd[1]: Reached target System Time Synchronized.
[[0;32m  OK  [0m] Reached target System Time Synchronized.
[    3.228018] systemd[1]: Listening on Journal Audit Socket.
[[0;32m  OK  [0m] Listening on Journal Audit Socket.
[    3.229603] systemd[1]: Listening on LVM2 metadata daemon socket.
[[0;32m  OK  [0m] Listening on LVM2 metadata daemon socket.
[    3.231273] systemd[1]: Started Trigger resolvconf update for networkd DNS.
[[0;32m  OK  [0m] Started Trigger resolvconf update for networkd DNS.
[    3.233522] systemd[1]: Mounting Huge Pages File System...
         Mounting Huge Pages File System...
[    3.235378] systemd[1]: Starting Nameserver information manager...
         Starting Nameserver information manager...
[    3.237082] systemd[1]: Listening on udev Control Socket.
[[0;32m  OK  [0m] Listening on udev Control Socket.
[    3.239003] systemd[1]: Listening on Syslog Socket.
[[0;32m  OK  [0m] Listening on Syslog Socket.
[    3.241539] systemd[1]: Starting Journal Service...
         Starting Journal Service...
[    3.243478] systemd[1]: Mounting POSIX Message Queue File System...
         Mounting POSIX Message Queue File System...
[    3.246351] systemd[1]: Mounting Debug File System...
         Mounting Debug File System...
[    3.247770] systemd[1]: Reached target Swap.
[[0;32m  OK  [0m] Reached target Swap.
[    3.249320] systemd[1]: Set up automount Arbitrary Executable File Formats File System Automount Point.
[[0;32m  OK  [0m] Set up automount Arbitrary Executab...ats File System Automount Point.
[    3.252261] systemd[1]: Listening on Device-mapper event daemon FIFOs.
[[0;32m  OK  [0m] Listening on Device-mapper event daemon FIFOs.
[    3.254864] systemd[1]: Starting Monitoring of LVM2 mirrors, snapshots etc. using dmeventd or progress polling...
         Starting Monitoring of LVM2 mirrors... dmeventd or progress polling...
[    3.257672] systemd[1]: Listening on fsck to fsckd communication Socket.
[[0;32m  OK  [0m] Listening on fsck to fsckd communication Socket.
[    3.260101] systemd[1]: Starting Remount Root and Kernel File Systems...
         Starting Remount Root and Kernel File Systems...
[    3.263492] systemd[1]: Starting Set console keymap...
    3.264548] EXT4-fs (sda1): re-mounted. Opts: (null)
         Starting Set console keymap...
[    3.268889] systemd[1]: Starting Load Kernel Modules...
         Starting Load Kernel Modules...
[    3.271351] systemd[1]: Starting Uncomplicated firewall...
         Starting Uncomplicated firewall...
[    3.274568] systemd[1]: Created slice User and Session Slice.
[[0;32m  OK  [0m] Created slice User and Session Slice.
[    3.276529] systemd[1]: Reached target Slices.
[[0;32m  OK  [0m] Reached target Slices.
[    3.279019] systemd[1]: Mounted Huge Pages File System.
[[0;32m  OK  [0m] Mounted Huge Pages File System.
[    3.280594] systemd[1]: Mounted POSIX Message Queue File System.
[[0;32m  OK  [0m] Mounted POSIX Me[    3.282075] Loading iSCSI transport class v2.0-870.
ssage Queue File System.
[    3.282905] systemd[1]: Mounted Debug File System.
[[0;32m  OK  [0m] Mounted Debug File System.
[    3.285027] systemd[1]: Started Journal Service.
[[0;32m  OK  [0m] Started Journal Service.
[[0;32m  OK  [0m] Started Create list of required sta...ce nodes for the current kernel.
[[0;32m  OK  [0m] Started Remount Root and Kernel File Systems.
[[0;32m  OK  [0m] Started Uncomplicated firewall.
[[0;32m  OK  [0m] Started Nameserver information manager.
[[0;32m  OK  [0m] Started LVM2 metadata daemon.
         Starting udev Coldplug all Devices...
[    3.300336] iscsi: registered transport (tcp)
         Starting Load/Save Random Seed...
         Starting Create Static Device Nodes in /dev...
         Starting Flush Journal to Persistent Storage...
[[0;32m  OK  [0m] Started Load/Save Random Seed.
[[0;32m  OK  [0m] Started Create Static Device Nodes in /dev.
         Starting udev Kernel Device Manager...
[    3.322218] systemd-journald[383]: Received request to flush runtime journal from PID 1
[[0;32m  OK  [0m] Started Flush Journal to Persistent Storage.
[[0;32m  OK  [0m] Started Set console keymap.
[[0;32m  OK  [0m] Started udev Kernel Device Manager.
[    3.350086] iscsi: registered transport (iser)
[[0;32m  OK  [0m] Started Load Kernel Modules.
         Starting Apply Kernel Variables...
         Mounting FUSE Control File System...
[[0;32m  OK  [0m] Mounted FUSE Control File System.
[[0;32m  OK  [0m] Started Apply Kernel Variables.
[[0;32m  OK  [0m] Started udev Coldplug all Devices.
[[0;32m  OK  [0m] Started Dispatch Password Requests to Console Directory Watch.
[[0;32m  OK  [0m] Started Monitoring of LVM2 mirrors,...ng dmeventd or progress polling.
[[0;32m  OK  [0m] Reached target Local File Systems (Pre).
[[0;32m  OK  [0m] Reached target Local File Systems.
         Starting Set console font and keymap...
         Starting Create Volatile Files and Directories...
         Starting Tell Plymouth To Write Out Runtime Data...
         Starting Initial cloud-init job (pre-networking)...
         Starting LSB: AppArmor initialization...
[[0;32m  OK  [0m] Started Create Volatile Files and Directories.
         Starting Update UTMP about System Boot/Shutdown...
[[0;32m  OK  [0m] Started Update UTMP about System Boot/Shutdown.
[[0;32m  OK  [0m] Started Tell Plymouth To Write Out Runtime Data.
[[0;32m  OK  [0m] Started LSB: AppArmor initialization.
         Starting Load AppArmor profiles managed internally by snapd...
[[0;32m  OK  [0m] Started Set console font and keymap.
[[0;32m  OK  [0m] Created slice system-getty.slice.
[[0;32m  OK  [0m] Started Load AppArmor profiles managed internally by snapd.
[[0;32m  OK  [0m] Found device /dev/ttyS0.
[[0;32m  OK  [0m] Listening on Load/Save RF Kill Switch Status /dev/rfkill Watch.
[[0;32m  OK  [0m] Found device 82540EM Gigabit Ethern...r (PRO/1000 MT Desktop Adapter).
[[0;32m  OK  [0m] Found device 82540EM Gigabit Ethern...r (PRO/1000 MT Desktop Adapter).
[    3.965566] cloud-init[492]: Cloud-init v. 21.1-19-gbad84ad4-0ubuntu1~16.04.2 running 'init-local' at Thu, 23 Feb 2023 05:44:00 +0000. Up 3.76 seconds.
[[0;32m  OK  [0m] Started Initial cloud-init job (pre-networking).
[[0;32m  OK  [0m] Reached target Network (Pre).
[[0;32m  OK  [0m] Started ifup for enp0s3.
         Starting Raise network interfaces...
[[0;32m  OK  [0m] Started ifup for enp0s8.
[[0;32m  OK  [0m] Started Raise network interfaces.
[[0;32m  OK  [0m] Reached target Network.
         Starting Initial cloud-init job (metadata service crawler)...
[    4.544728] cloud-init[1080]: Cloud-init v. 21.1-19-gbad84ad4-0ubuntu1~16.04.2 running 'init' at Thu, 23 Feb 2023 05:44:01 +0000. Up 4.36 seconds.
[    4.546329] cloud-init[1080]: ci-info: ++++++++++++++++++++++++++++++++++++++Net device info+++++++++++++++++++++++++++++++++++++++
[    4.547701] cloud-init[1080]: ci-info: +--------+------+-----------------------------+---------------+--------+-------------------+
[    4.549023] cloud-init[1080]: ci-info: | Device |  Up  |           Address           |      Mask     | Scope  |     Hw-Address    |
[    4.550281] cloud-init[1080]: ci-info: +--------+------+-----------------------------+---------------+--------+-------------------+
[    4.551602] cloud-init[1080]: ci-info: | enp0s3 | True |          10.0.2.15          | 255.255.255.0 | global | 02:be:82:6b:cc:1d |
[    4.552923] cloud-init[1080]: ci-info: | enp0s3 | True |  fe80::be:82ff:fe6b:cc1d/64 |       .       |  link  | 02:be:82:6b:cc:1d |
[    4.554161] cloud-init[1080]: ci-info: | enp0s8 | True |        192.168.33.11        | 255.255.255.0 | global | 08:00:27:5c:d4:c8 |
[    4.555394] cloud-init[1080]: ci-info: | enp0s8 | True | fe80::a00:27ff:fe5c:d4c8/64 |       .       |  link  | 08:00:27:5c:d4:c8 |
[    4.556787] cloud-init[1080]: ci-info: |   lo   | True |          127.0.0.1          |   255.0.0.0   |  host  |         .         |
[    4.558049] cloud-init[1080]: ci-info: |   lo   | True |           ::1/128           |       .       |  host  |         .         |
[    4.559330] cloud-init[1080]: ci-info: +--------+------+-----------------------------+---------------+--------+-------------------+
[    4.560555] cloud-init[1080]: ci-info: ++++++++++++++++++++++++++++Route IPv4 info++++++++++++++++++++++++++++
[    4.561778] cloud-init[1080]: ci-info: +-------+--------------+----------+---------------+-----------+-------+
[    4.562912] cloud-init[1080]: ci-info: | Route | Destination  | Gateway  |    Genmask    | Interface | Flags |
[    4.563986] cloud-init[1080]: ci-info: +-------+--------------+----------+---------------+-----------+-------+
[    4.565062] cloud-init[1080]: ci-info: |   0   |   0.0.0.0    | 10.0.2.2 |    0.0.0.0    |   enp0s3  |   UG  |
[    4.566107] cloud-init[1080]: ci-info: |   1   |   10.0.2.0   | 0.0.0.0  | 255.255.255.0 |   enp0s3  |   U   |
[    4.567155] cloud-init[1080]: ci-info: |   2   | 192.168.33.0 | 0.0.0.0  | 255.255.255.0 |   enp0s8  |   U   |
[    4.568213] cloud-init[1080]: ci-info: +-------+--------------+----------+---------------+-----------+-------+
[    4.569251] cloud-init[1080]: ci-info: +++++++++++++++++++Route IPv6 info+++++++++++++++++++
[    4.570156] cloud-init[1080]: ci-info: +-------+-------------+---------+-----------+-------+
[    4.571103] cloud-init[1080]: ci-info: | Route | Destination | Gateway | Interface | Flags |
[    4.572004] cloud-init[1080]: ci-info: +-------+-------------+---------+-----------+-------+
[    4.573144] cloud-init[1080]: ci-info: |   0   |  fe80::/64  |    ::   |   enp0s8  |   U   |
[    4.574203] cloud-init[1080]: ci-info: |   1   |  fe80::/64  |    ::   |   enp0s3  |   U   |
[    4.575253] cloud-init[1080]: ci-info: |   4   |   ff00::/8  |    ::   |   enp0s8  |   U   |
[    4.576246] cloud-init[1080]: ci-info: |   5   |   ff00::/8  |    ::   |   enp0s3  |   U   |
[    4.577135] cloud-init[1080]: ci-info: +-------+-------------+---------+-----------+-------+
[[0;32m  OK  [0m] Started Initial cloud-init job (metadata service crawler).
[[0;32m  OK  [0m] Reached target Network is Online.
         Starting iSCSI initiator daemon (iscsid)...
[[0;32m  OK  [0m] Reached target System Initialization.
[[0;32m  OK  [0m] Started Daily Cleanup of Temporary Directories.
[[0;32m  OK  [0m] Started Daily apt download activities.
[[0;32m  OK  [0m] Listening on ACPID Listen Socket.
[[0;32m  OK  [0m] Started ACPI Events Check.
[[0;32m  OK  [0m] Reached target Paths.
[[0;32m  OK  [0m] Listening on D-Bus System Message Bus Socket.
[[0;32m  OK  [0m] Started Message of the Day.
         Starting LXD - unix socket.
[[0;32m  OK  [0m] Listening on UUID daemon activation socket.
         Starting Socket activation for snappy daemon.
[[0;32m  OK  [0m] Started Ubuntu Advantage Timer for running repeated jobs.
[[0;32m  OK  [0m] Started Daily apt upgrade and clean activities.
[[0;32m  OK  [0m] Reached target Timers.
[[0;32m  OK  [0m] Reached target Cloud-config availability.
[[0;32m  OK  [0m] Listening on LXD - unix socket.
[[0;32m  OK  [0m] Listening on Socket activation for snappy daemon.
[[0;32m  OK  [0m] Reached target Sockets.
[[0;32m  OK  [0m] Reached target Basic System.
         Starting vboxadd.service...
[[0;32m  OK  [0m] Started FUSE filesystem for LXC.
         Starting A high performance web server and a reverse proxy server...
         Starting Message of the Day...
         Starting System Logging Service...
         Starting Accounts Service...
[[0;32m  OK  [0m] Started ACPI event daemon.
[[0;32m  OK  [0m] Started D-Bus System Message Bus.
         Starting Snap Daemon...
         Starting /etc/rc.local Compatibility...
         Starting OpenBSD Secure Shell server...
         Starting LSB: MD monitoring daemon...
[[0;32m  OK  [0m] Started Regular background program processing daemon.
         Starting LSB: Record successful boot for GRUB...
[[0;32m  OK  [0m] Started Deferred execution scheduler.
         Starting Login Service...
         Starting LXD - container startup/shutdown...
[[0;32m  OK  [0m] Started System Logging Service.
[[0;32m  OK  [0m] Started iSCSI initiator daemon (iscsid).
[[0;32m  OK  [0m] Started Message of the Day.
[[0;32m  OK  [0m] Started /etc/rc.local Compatibility.
         Starting Authenticate and Authorize Users to Run Privileged Tasks...
         Starting Login to default iSCSI targets...
[[0;32m  OK  [0m] Started Login Service.
[[0;32m  OK  [0m] Started Unattended Upgrades Shutdown.
[[0;32m  OK  [0m] Started Authenticate and Authorize Users to Run Privileged Tasks.
[[0;32m  OK  [0m] Started OpenBSD Secure Shell server.
[[0;32m  OK  [0m] Started Accounts Service.
[[0;32m  OK  [0m] Started A high performance web server and a reverse proxy server.
[[0;32m  OK  [0m] Started Login to default iSCSI targets.
[[0;32m  OK  [0m] Reached target Remote File Systems (Pre).
         Mounting /vagrant...
[[0;1;31mFAILED[0m] Failed to mount /vagrant.
See 'systemctl status vagrant.mount' for details.
[[0;1;33mDEPEND[0m] Dependency failed for Remote File Systems.
[[0;32m  OK  [0m] Started LSB: MD monitoring daemon.
[[0;32m  OK  [0m] Started LSB: Record successful boot for GRUB.
         Starting Permit User Sessions...
         Starting LSB: automatic crash report generation...
         Starting LSB: Set the CPU Frequency Scaling governor to "ondemand"...
         Starting LSB: daemon to balance interrupts for SMP systems...
[[0;32m  OK  [0m] Started Permit User Sessions.
         Starting Hold until boot process finishes up...
         Starting Terminate Plymouth Boot Screen...
[[0;32m  OK  [0m] Started Hold until boot process finishes up.
[[0;32m  OK  [0m] Started Terminate Plymouth Boot Screen.
[[0;32m  OK  [0m] Started LXD - container startup/shutdown.
[[0;32m  OK  [0m] Started LSB: daemon to balance interrupts for SMP systems.
         Starting Set console scheme...
[[0;32m  OK  [0m] Started Serial Getty on ttyS0.
[[0;32m  OK  [0m] Started Getty on tty1.
[[0;32m  OK  [0m] Reached target Login Prompts.
[[0;32m  OK  [0m] Started Set console scheme.
[[0;32m  OK  [0m] Started LSB: Set the CPU Frequency Scaling governor to "ondemand".
[[0;32m  OK  [0m] Started LSB: automatic crash report generation.
[[0;32m  OK  [0m] Started Snap Daemon.
         Starting Wait until snapd is fully seeded...
[[0;32m  OK  [0m] Started Wait until snapd is fully seeded.
         Starting Apply the settings specified in cloud-config...
[    5.379233] cloud-init[1358]: Cloud-init v. 21.1-19-gbad84ad4-0ubuntu1~16.04.2 running 'modules:config' at Thu, 23 Feb 2023 05:44:02 +0000. Up 5.30 seconds.
[[0;32m  OK  [0m] Started Apply the settings specified in cloud-config.
         Starting cloud-id shim...
[[0;32m  OK  [0m] Started vboxadd.service.
         Starting vboxadd-service.service...
[[0;32m  OK  [0m] Started vboxadd-service.service.
[[0;32m  OK  [0m] Started cloud-id shim.
[[0;32m  OK  [0m] Reached target Multi-User System.
         Starting Execute cloud user/final scripts...
[[0;32m  OK  [0m] Reached target Graphical Interface.
         Starting Update UTMP about System Runlevel Changes...
[[0;32m  OK  [0m] Started Update UTMP about System Runlevel Changes.
[    5.928294] cloud-init[1447]: Cloud-init v. 21.1-19-gbad84ad4-0ubuntu1~16.04.2 running 'modules:final' at Thu, 23 Feb 2023 05:44:02 +0000. Up 5.85 seconds.
[    5.929550] cloud-init[1447]: Cloud-init v. 21.1-19-gbad84ad4-0ubuntu1~16.04.2 finished at Thu, 23 Feb 2023 05:44:02 +0000. Datasource DataSourceNoCloud [seed=/dev/sdb][dsmode=net].  Up 5.92 seconds
[[0;32m  OK  [0m] Started Execute cloud user/final scripts.
         Starting Daily apt download activities...
[[0;32m  OK  [0m] Reached target Cloud-init target.
         Starting Update APT News...
         Starting Update the local ESM caches...
[[0;32m  OK  [0m] Started Update APT News.

Ubuntu 16.04.7 LTS web01 ttyS0

web01 login: 