[    0.000000] Initializing cgroup subsys cpuset
[    0.000000] Initializing cgroup subsys cpu
[    0.000000] Initializing cgroup subsys cpuacct
[    0.000000] Linux version 4.4.0-210-generic (buildd@lgw01-amd64-009) (gcc version 5.4.0 20160609 (Ubuntu 5.4.0-6ubuntu1~16.04.12) ) #242-Ubuntu SMP Fri Apr 16 09:57:56 UTC 2021 (Ubuntu 4.4.0-210.242-generic 4.4.262)
[    0.000000] Command line: BOOT_IMAGE=/boot/vmlinuz-4.4.0-210-generic root=LABEL=cloudimg-rootfs ro console=tty1 console=ttyS0
[    0.000000] KERNEL supported cpus:
[    0.000000]   Intel GenuineIntel
[    0.000000]   AMD AuthenticAMD
[    0.000000]   Centaur CentaurHauls
[    0.000000] x86/fpu: xstate_offset[2]:  576, xstate_sizes[2]:  256
[    0.000000] x86/fpu: Supporting XSAVE feature 0x01: 'x87 floating point registers'
[    0.000000] x86/fpu: Supporting XSAVE feature 0x02: 'SSE registers'
[    0.000000] x86/fpu: Supporting XSAVE feature 0x04: 'AVX registers'
[    0.000000] x86/fpu: Enabled xstate features 0x7, context size is 832 bytes, using 'standard' format.
[    0.000000] e820: BIOS-provided physical RAM map:
[    0.000000] BIOS-e820: [mem 0x0000000000000000-0x000000000009fbff] usable
[    0.000000] BIOS-e820: [mem 0x000000000009fc00-0x000000000009ffff] reserved
[    0.000000] BIOS-e820: [mem 0x00000000000f0000-0x00000000000fffff] reserved
[    0.000000] BIOS-e820: [mem 0x0000000000100000-0x000000003ffeffff] usable
[    0.000000] BIOS-e820: [mem 0x000000003fff0000-0x000000003fffffff] ACPI data
[    0.000000] BIOS-e820: [mem 0x00000000fec00000-0x00000000fec00fff] reserved
[    0.000000] BIOS-e820: [mem 0x00000000fee00000-0x00000000fee00fff] reserved
[    0.000000] BIOS-e820: [mem 0x00000000fffc0000-0x00000000ffffffff] reserved
[    0.000000] NX (Execute Disable) protection: active
[    0.000000] SMBIOS 2.5 present.
[    0.000000] Hypervisor detected: KVM
[    0.000000] e820: last_pfn = 0x3fff0 max_arch_pfn = 0x400000000
[    0.000000] MTRR: Disabled
[    0.000000] x86/PAT: MTRRs disabled, skipping PAT initialization too.
[    0.000000] CPU MTRRs all blank - virtualized system.
[    0.000000] x86/PAT: Configuration [0-7]: WB  WT  UC- UC  WB  WT  UC- UC  
[    0.000000] found SMP MP-table at [mem 0x0009fff0-0x0009ffff] mapped at [ffff88000009fff0]
[    0.000000] Scanning 1 areas for low memory corruption
[    0.000000] RAMDISK: [mem 0x362dc000-0x37165fff]
[    0.000000] ACPI: Early table checksum verification disabled
[    0.000000] ACPI: RSDP 0x00000000000E0000 000024 (v02 VBOX  )
[    0.000000] ACPI: XSDT 0x000000003FFF0030 00003C (v01 VBOX   VBOXXSDT 00000001 ASL  00000061)
[    0.000000] ACPI: FACP 0x000000003FFF00F0 0000F4 (v04 VBOX   VBOXFACP 00000001 ASL  00000061)
[    0.000000] ACPI: DSDT 0x000000003FFF0470 002325 (v02 VBOX   VBOXBIOS 00000002 INTL 20200925)
[    0.000000] ACPI: FACS 0x000000003FFF0200 000040
[    0.000000] ACPI: FACS 0x000000003FFF0200 000040
[    0.000000] ACPI: APIC 0x000000003FFF0240 00005C (v02 VBOX   VBOXAPIC 00000001 ASL  00000061)
[    0.000000] ACPI: SSDT 0x000000003FFF02A0 0001CC (v01 VBOX   VBOXCPUT 00000002 INTL 20200925)
[    0.000000] No NUMA configuration found
[    0.000000] Faking a node at [mem 0x0000000000000000-0x000000003ffeffff]
[    0.000000] NODE_DATA(0) allocated [mem 0x3ffeb000-0x3ffeffff]
[    0.000000] kvm-clock: Using msrs 4b564d01 and 4b564d00
[    0.000000] kvm-clock: cpu 0, msr 0:3ffe3001, primary cpu clock
[    0.000000] kvm-clock: using sched offset of 3031890570 cycles
[    0.000000] clocksource: kvm-clock: mask: 0xffffffffffffffff max_cycles: 0x1cd42e4dffb, max_idle_ns: 881590591483 ns
[    0.000000] Zone ranges:
[    0.000000]   DMA      [mem 0x0000000000001000-0x0000000000ffffff]
[    0.000000]   DMA32    [mem 0x0000000001000000-0x000000003ffeffff]
[    0.000000]   Normal   empty
[    0.000000]   Device   empty
[    0.000000] Movable zone start for each node
[    0.000000] Early memory node ranges
[    0.000000]   node   0: [mem 0x0000000000001000-0x000000000009efff]
[    0.000000]   node   0: [mem 0x0000000000100000-0x000000003ffeffff]
[    0.000000] Initmem setup node 0 [mem 0x0000000000001000-0x000000003ffeffff]
[    0.000000] ACPI: PM-Timer IO Port: 0x4008
[    0.000000] IOAPIC[0]: apic_id 2, version 32, address 0xfec00000, GSI 0-23
[    0.000000] ACPI: INT_SRC_OVR (bus 0 bus_irq 0 global_irq 2 dfl dfl)
[    0.000000] ACPI: INT_SRC_OVR (bus 0 bus_irq 9 global_irq 9 low level)
[    0.000000] Using ACPI (MADT) for SMP configuration information
[    0.000000] smpboot: Allowing 2 CPUs, 0 hotplug CPUs
[    0.000000] PM: Registered nosave memory: [mem 0x00000000-0x00000fff]
[    0.000000] PM: Registered nosave memory: [mem 0x0009f000-0x0009ffff]
[    0.000000] PM: Registered nosave memory: [mem 0x000a0000-0x000effff]
[    0.000000] PM: Registered nosave memory: [mem 0x000f0000-0x000fffff]
[    0.000000] e820: [mem 0x40000000-0xfebfffff] available for PCI devices
[    0.000000] Booting paravirtualized kernel on KVM
[    0.000000] clocksource: refined-jiffies: mask: 0xffffffff max_cycles: 0xffffffff, max_idle_ns: 7645519600211568 ns
[    0.000000] setup_percpu: NR_CPUS:512 nr_cpumask_bits:512 nr_cpu_ids:2 nr_node_ids:1
[    0.000000] PERCPU: Embedded 33 pages/cpu @ffff88003fc00000 s95192 r8192 d31784 u1048576
[    0.000000] Built 1 zonelists in Node order, mobility grouping on.  Total pages: 257912
[    0.000000] Policy zone: DMA32
[    0.000000] Kernel command line: BOOT_IMAGE=/boot/vmlinuz-4.4.0-210-generic root=LABEL=cloudimg-rootfs ro console=tty1 console=ttyS0
[    0.000000] PID hash table entries: 4096 (order: 3, 32768 bytes)
[    0.000000] Memory: 997792K/1048120K available (8644K kernel code, 1332K rwdata, 4044K rodata, 1492K init, 1164K bss, 50328K reserved, 0K cma-reserved)
[    0.000000] SLUB: HWalign=64, Order=0-3, MinObjects=0, CPUs=2, Nodes=1
[    0.000000] Kernel/User page tables isolation: enabled
[    0.000000] Hierarchical RCU implementation.
[    0.000000] 	Build-time adjustment of leaf fanout to 64.
[    0.000000] 	RCU restricting CPUs from NR_CPUS=512 to nr_cpu_ids=2.
[    0.000000] RCU: Adjusting geometry for rcu_fanout_leaf=64, nr_cpu_ids=2
[    0.000000] NR_IRQS:33024 nr_irqs:440 16
[    0.000000] Console: colour VGA+ 80x25
[    0.000000] console [tty1] enabled
[    0.000000] console [ttyS0] enabled
[    0.000000] tsc: Detected 2112.000 MHz processor
[    0.112304] Calibrating delay loop (skipped) preset value.. 4224.00 BogoMIPS (lpj=8448000)
[    0.113668] pid_max: default: 32768 minimum: 301
[    0.114438] ACPI: Core revision 20150930
[    0.115875] ACPI: 2 ACPI AML tables successfully acquired and loaded
[    0.118120] Security Framework initialized
[    0.119526] Yama: becoming mindful.
[    0.120224] AppArmor: AppArmor initialized
[    0.120982] Dentry cache hash table entries: 131072 (order: 8, 1048576 bytes)
[    0.122743] Inode-cache hash table entries: 65536 (order: 7, 524288 bytes)
[    0.124163] Mount-cache hash table entries: 2048 (order: 2, 16384 bytes)
[    0.125595] Mountpoint-cache hash table entries: 2048 (order: 2, 16384 bytes)
[    0.127084] Initializing cgroup subsys io
[    0.128059] Initializing cgroup subsys memory
[    0.128962] Initializing cgroup subsys devices
[    0.129887] Initializing cgroup subsys freezer
[    0.130813] Initializing cgroup subsys net_cls
[    0.131783] Initializing cgroup subsys perf_event
[    0.132767] Initializing cgroup subsys net_prio
[    0.133739] Initializing cgroup subsys hugetlb
[    0.134667] Initializing cgroup subsys pids
[    0.147837] mce: CPU supports 0 MCE banks
[    0.149787] Last level iTLB entries: 4KB 64, 2MB 8, 4MB 8
[    0.151743] Last level dTLB entries: 4KB 64, 2MB 0, 4MB 0, 1GB 4
[    0.152660] Spectre V1 : Mitigation: usercopy/swapgs barriers and __user pointer sanitization
[    0.153974] Spectre V2 : Mitigation: Full generic retpoline
[    0.154799] Spectre V2 : Spectre v2 / SpectreRSB mitigation: Filling RSB on context switch
[    0.156096] Speculative Store Bypass: Vulnerable
[    0.156811] SRBDS: Unknown: Dependent on hypervisor status
[    0.157743] MDS: Mitigation: Clear CPU buffers
[    0.160665] Freeing SMP alternatives memory: 36K
[    0.166537] ftrace: allocating 32380 entries in 127 pages
[    0.216399] smpboot: APIC(0) Converting physical 0 to logical package 0
[    0.217453] smpboot: Max logical packages: 1
[    0.218340] x2apic enabled
[    0.219090] Switched APIC routing to physical x2apic.
[    0.220833] ..TIMER: vector=0x30 apic1=0 pin1=2 apic2=-1 pin2=-1
[    0.329848] smpboot: CPU0: Intel(R) Core(TM) i5-10210U CPU @ 1.60GHz (family: 0x6, model: 0x8e, stepping: 0xc)
[    0.331627] Performance Events: unsupported p6 CPU model 142 no PMU driver, software events only.
[    0.341832] KVM setup paravirtual spinlock
[    0.343230] x86: Booting SMP configuration:
[    0.344008] .... node  #0, CPUs:      #1
[    0.344830] kvm-clock: cpu 1, msr 0:3ffe3041, secondary cpu clock
[    0.357829] mce: CPU supports 0 MCE banks
[    0.360260] x86: Booted up 1 node, 2 CPUs
[    0.361115] smpboot: Total of 2 processors activated (8448.00 BogoMIPS)
[    0.362498] devtmpfs: initialized
[    0.364622] evm: security.selinux
[    0.365251] evm: security.SMACK64
[    0.365873] evm: security.SMACK64EXEC
[    0.366538] evm: security.SMACK64TRANSMUTE
[    0.367244] evm: security.SMACK64MMAP
[    0.367942] evm: security.ima
[    0.368487] evm: security.capability
[    0.369339] clocksource: jiffies: mask: 0xffffffff max_cycles: 0xffffffff, max_idle_ns: 7645041785100000 ns
[    0.370893] futex hash table entries: 512 (order: 3, 32768 bytes)
[    0.372016] pinctrl core: initialized pinctrl subsystem
[    0.372912] RTC time:  9:23:59, date: 03/02/23
[    0.373960] NET: Registered protocol family 16
[    0.385825] cpuidle: using governor ladder
[    0.398389] cpuidle: using governor menu
[    0.399465] PCCT header not found.
[    0.400499] ACPI: bus type PCI registered
[    0.401556] acpiphp: ACPI Hot Plug PCI Controller Driver version: 0.5
[    0.403111] PCI: Using configuration type 1 for base access
[    0.414979] ACPI: Added _OSI(Module Device)
[    0.416509] ACPI: Added _OSI(Processor Device)
[    0.418130] ACPI: Added _OSI(3.0 _SCP Extensions)
[    0.419731] ACPI: Added _OSI(Processor Aggregator Device)
[    0.422597] ACPI: Executed 1 blocks of module-level executable AML code
[    0.428281] ACPI: Interpreter enabled
[    0.429745] ACPI: (supports S0 S5)
[    0.431016] ACPI: Using IOAPIC for interrupt routing
[    0.432632] PCI: Using host bridge windows from ACPI; if necessary, use "pci=nocrs" and report a bug
[    0.439943] ACPI: PCI Root Bridge [PCI0] (domain 0000 [bus 00-ff])
[    0.441329] acpi PNP0A03:00: _OSC: OS supports [ASPM ClockPM Segments MSI]
[    0.442963] acpi PNP0A03:00: _OSC: not requesting OS control; OS requires [ExtendedConfig ASPM ClockPM MSI]
[    0.444892] acpi PNP0A03:00: fail to add MMCONFIG information, can't access extended PCI configuration space under this bridge.
[    0.447254] PCI host bridge to bus 0000:00
[    0.448066] pci_bus 0000:00: root bus resource [io  0x0000-0x0cf7 window]
[    0.449199] pci_bus 0000:00: root bus resource [io  0x0d00-0xffff window]
[    0.450354] pci_bus 0000:00: root bus resource [mem 0x000a0000-0x000bffff window]
[    0.451729] pci_bus 0000:00: root bus resource [mem 0x40000000-0xfdffffff window]
[    0.452997] pci_bus 0000:00: root bus resource [bus 00-ff]
[    0.455141] pci 0000:00:01.1: legacy IDE quirk: reg 0x10: [io  0x01f0-0x01f7]
[    0.456220] pci 0000:00:01.1: legacy IDE quirk: reg 0x14: [io  0x03f6]
[    0.457227] pci 0000:00:01.1: legacy IDE quirk: reg 0x18: [io  0x0170-0x0177]
[    0.466013] pci 0000:00:01.1: legacy IDE quirk: reg 0x1c: [io  0x0376]
[    0.476944] pci 0000:00:07.0: quirk: [io  0x4000-0x403f] claimed by PIIX4 ACPI
[    0.478244] pci 0000:00:07.0: quirk: [io  0x4100-0x410f] claimed by PIIX4 SMB
[    0.485455] ACPI: PCI Interrupt Link [LNKA] (IRQs 5 9 10 *11)
[    0.486964] ACPI: PCI Interrupt Link [LNKB] (IRQs 5 9 *10 11)
[    0.488212] ACPI: PCI Interrupt Link [LNKC] (IRQs 5 *9 10 11)
[    0.489506] ACPI: PCI Interrupt Link [LNKD] (IRQs 5 9 10 *11)
[    0.490868] ACPI: Enabled 2 GPEs in block 00 to 07
[    0.492010] vgaarb: setting as boot device: PCI:0000:00:02.0
[    0.492906] vgaarb: device added: PCI:0000:00:02.0,decodes=io+mem,owns=io+mem,locks=none
[    0.494225] vgaarb: loaded
[    0.494798] vgaarb: bridge control possible 0000:00:02.0
[    0.495870] SCSI subsystem initialized
[    0.496741] ACPI: bus type USB registered
[    0.497478] usbcore: registered new interface driver usbfs
[    0.498406] usbcore: registered new interface driver hub
[    0.499259] usbcore: registered new device driver usb
[    0.501035] PCI: Using ACPI for IRQ routing
[    0.502077] NetLabel: Initializing
[    0.502718] NetLabel:  domain hash size = 128
[    0.503454] NetLabel:  protocols = UNLABELED CIPSOv4
[    0.504283] NetLabel:  unlabeled traffic allowed by default
[    0.505360] amd_nb: Cannot enumerate AMD northbridges
[    0.506263] clocksource: Switched to clocksource kvm-clock
[    0.512319] AppArmor: AppArmor Filesystem Enabled
[    0.513168] pnp: PnP ACPI init
[    0.514305] pnp: PnP ACPI: found 3 devices
[    0.522265] clocksource: acpi_pm: mask: 0xffffff max_cycles: 0xffffff, max_idle_ns: 2085701024 ns
[    0.523800] NET: Registered protocol family 2
[    0.524718] TCP established hash table entries: 8192 (order: 4, 65536 bytes)
[    0.525798] TCP bind hash table entries: 8192 (order: 5, 131072 bytes)
[    0.526817] TCP: Hash tables configured (established 8192 bind 8192)
[    0.527829] UDP hash table entries: 512 (order: 2, 16384 bytes)
[    0.528760] UDP-Lite hash table entries: 512 (order: 2, 16384 bytes)
[    0.529760] NET: Registered protocol family 1
[    0.530525] pci 0000:00:00.0: Limiting direct PCI/PCI transfers
[    0.531472] pci 0000:00:01.0: Activating ISA DMA hang workarounds
[    0.532554] Unpacking initramfs...
[    0.712844] Freeing initrd memory: 14888K
[    0.713792] clocksource: tsc: mask: 0xffffffffffffffff max_cycles: 0x1e71785e5dd, max_idle_ns: 440795244814 ns
[    0.715294] platform rtc_cmos: registered platform RTC device (no PNP device found)
[    0.716509] Scanning for low memory corruption every 60 seconds
[    0.717721] audit: initializing netlink subsys (disabled)
[    0.718573] audit: type=2000 audit(1677749043.817:1): initialized
[    0.719655] Initialise system trusted keyring
[    0.720454] HugeTLB registered 2 MB page size, pre-allocated 0 pages
[    0.722279] zbud: loaded
[    0.723041] VFS: Disk quotas dquot_6.6.0
[    0.723706] VFS: Dquot-cache hash table entries: 512 (order 0, 4096 bytes)
[    0.724800] squashfs: version 4.0 (2009/01/31) Phillip Lougher
[    0.725831] fuse init (API version 7.23)
[    0.726552] Key type big_key registered
[    0.727171] Allocating IMA MOK and blacklist keyrings.
[    0.728444] Key type asymmetric registered
[    0.729075] Asymmetric key parser 'x509' registered
[    0.729815] Block layer SCSI generic (bsg) driver version 0.4 loaded (major 249)
[    0.731077] io scheduler noop registered
[    0.731696] io scheduler deadline registered (default)
[    0.732462] io scheduler cfq registered
[    0.733136] pci_hotplug: PCI Hot Plug PCI Core version: 0.5
[    0.733929] pciehp: PCI Express Hot Plug Controller Driver version: 0.4
[    0.734951] ACPI: AC Adapter [AC] (on-line)
[    0.735678] input: Power Button as /devices/LNXSYSTM:00/LNXPWRBN:00/input/input0
[    0.736832] ACPI: Power Button [PWRF]
[    0.737486] input: Sleep Button as /devices/LNXSYSTM:00/LNXSLPBN:00/input/input1
[    0.738643] ACPI: Sleep Button [SLPF]
[    0.739444] GHES: HEST is not enabled!
[    0.741170] ACPI: Battery Slot [BAT0] (battery present)
[    0.742764] Serial: 8250/16550 driver, 32 ports, IRQ sharing enabled
[    0.764424] 00:02: ttyS0 at I/O 0x3f8 (irq = 4, base_baud = 115200) is a 16550A
[    0.767312] Linux agpgart interface v0.103
[    0.769191] loop: module loaded
[    0.770139] scsi host0: ata_piix
[    0.770788] scsi host1: ata_piix
[    0.771350] ata1: PATA max UDMA/33 cmd 0x1f0 ctl 0x3f6 bmdma 0xd000 irq 14
[    0.772297] ata2: PATA max UDMA/33 cmd 0x170 ctl 0x376 bmdma 0xd008 irq 15
[    0.773308] libphy: Fixed MDIO Bus: probed
[    0.773955] tun: Universal TUN/TAP device driver, 1.6
[    0.774718] tun: (C) 1999-2004 Max Krasnyansky <maxk@qualcomm.com>
[    0.775656] PPP generic driver version 2.4.2
[    0.776424] ehci_hcd: USB 2.0 'Enhanced' Host Controller (EHCI) Driver
[    0.777399] ehci-pci: EHCI PCI platform driver
[    0.778153] ehci-platform: EHCI generic platform driver
[    0.778985] ohci_hcd: USB 1.1 'Open' Host Controller (OHCI) Driver
[    0.779931] ohci-pci: OHCI PCI platform driver
[    0.780689] ohci-platform: OHCI generic platform driver
[    0.781527] uhci_hcd: USB Universal Host Controller Interface driver
[    0.782571] i8042: PNP: PS/2 Controller [PNP0303:PS2K,PNP0f03:PS2M] at 0x60,0x64 irq 1,12
[    0.784286] serio: i8042 KBD port at 0x60,0x64 irq 1
[    0.785107] serio: i8042 AUX port at 0x60,0x64 irq 12
[    0.786145] mousedev: PS/2 mouse device common for all mice
[    0.787443] input: AT Translated Set 2 keyboard as /devices/platform/i8042/serio0/input/input2
[    0.790634] rtc_cmos rtc_cmos: rtc core: registered rtc_cmos as rtc0
[    0.791987] rtc_cmos rtc_cmos: alarms up to one day, 114 bytes nvram
[    0.792891] i2c /dev entries driver
[    0.793575] device-mapper: uevent: version 1.0.3
[    0.794431] device-mapper: ioctl: 4.34.0-ioctl (2015-10-28) initialised: dm-devel@redhat.com
[    0.795792] ledtrig-cpu: registered to indicate activity on CPUs
[    0.797085] NET: Registered protocol family 10
[    0.798021] NET: Registered protocol family 17
[    0.798829] Key type dns_resolver registered
[    0.799997] registered taskstats version 1
[    0.800722] Loading compiled-in X.509 certificates
[    0.801956] Loaded X.509 cert 'Build time autogenerated kernel key: cf00e047681d67edb2720680708b7d9498083038'
[    0.803528] zswap: loaded using pool lzo/zbud
[    0.805582] Key type trusted registered
[    0.808602] Key type encrypted registered
[    0.809338] AppArmor: AppArmor sha1 policy hashing enabled
[    0.810214] ima: No TPM chip found, activating TPM-bypass!
[    0.811138] ima: Allocated hash algorithm: sha1
[    0.811974] evm: HMAC attrs: 0x1
[    0.812845]   Magic number: 15:904:372
[    0.813647] rtc_cmos rtc_cmos: setting system clock to 2023-03-02 09:23:59 UTC (1677749039)
[    0.815140] BIOS EDD facility v0.16 2004-Jun-25, 0 devices found
[    0.816123] EDD information not available.
[    0.953689] Freeing unused kernel memory: 1492K
[    0.955415] Write protecting the kernel read-only data: 14336k
[    0.958132] Freeing unused kernel memory: 1584K
[    0.960083] Freeing unused kernel memory: 52K
Loading, please wait...
starting version 229
[    0.984351] random: systemd-udevd: uninitialized urandom read (16 bytes read, 3 bits of entropy available)
[    0.985251] random: udevadm: uninitialized urandom read (16 bytes read, 3 bits of entropy available)
[    0.985295] random: udevadm: uninitialized urandom read (16 bytes read, 3 bits of entropy available)
[    0.993003] random: systemd-udevd: uninitialized urandom read (16 bytes read, 3 bits of entropy available)
[    0.995444] random: systemd-udevd: uninitialized urandom read (16 bytes read, 3 bits of entropy available)
[    0.996023] random: udevadm: uninitialized urandom read (16 bytes read, 3 bits of entropy available)
[    0.996084] random: udevadm: uninitialized urandom read (16 bytes read, 3 bits of entropy available)
[    0.996246] random: udevadm: uninitialized urandom read (16 bytes read, 3 bits of entropy available)
[    0.996313] random: udevadm: uninitialized urandom read (16 bytes read, 3 bits of entropy available)
[    0.996377] random: udevadm: uninitialized urandom read (16 bytes read, 3 bits of entropy available)
[    1.038379] Fusion MPT base driver 3.04.20
[    1.039164] Copyright (c) 1999-2008 LSI Corporation
[    1.040233] e1000: Intel(R) PRO/1000 Network Driver - version 7.3.21-k8-NAPI
[    1.041241] e1000: Copyright (c) 1999-2006 Intel Corporation.
[    1.043924] Fusion MPT SPI Host driver 3.04.20
[    1.061760] AVX2 version of gcm_enc/dec engaged.
[    1.062693] AES CTR mode by8 optimization enabled
[    1.267174] input: ImExPS/2 Generic Explorer Mouse as /devices/platform/i8042/serio1/input/input4
[    1.741508] e1000 0000:00:03.0 eth0: (PCI:33MHz:32-bit) 02:be:82:6b:cc:1d
[    1.743697] e1000 0000:00:03.0 eth0: Intel(R) PRO/1000 Network Connection
[    1.745829] mptbase: ioc0: Initiating bringup
[    2.723263] ioc0: LSI53C1030 A0: Capabilities={Initiator}
[    5.635606] scsi host2: ioc0: LSI53C1030 A0, FwRev=00000000h, Ports=1, MaxQ=256, IRQ=20
[    6.983490] scsi 2:0:0:0: Direct-Access     VBOX     HARDDISK         1.0  PQ: 0 ANSI: 5
[    6.985508] scsi target2:0:0: Beginning Domain Validation
[    6.988370] scsi target2:0:0: Domain Validation skipping write tests
[    6.989848] scsi target2:0:0: Ending Domain Validation
[    6.991168] scsi target2:0:0: asynchronous
[    6.993003] scsi 2:0:1:0: Direct-Access     VBOX     HARDDISK         1.0  PQ: 0 ANSI: 5
[    6.994953] scsi target2:0:1: Beginning Domain Validation
[    6.998699] scsi target2:0:1: Domain Validation skipping write tests
[    7.000449] scsi target2:0:1: Ending Domain Validation
[    7.001725] scsi target2:0:1: asynchronous
[    7.030880] sd 2:0:0:0: Attached scsi generic sg0 type 0
[    7.032201] sd 2:0:1:0: Attached scsi generic sg1 type 0
[    7.032341] sd 2:0:0:0: [sda] 83886080 512-byte logical blocks: (42.9 GB/40.0 GiB)
[    7.032354] sd 2:0:1:0: [sdb] 20480 512-byte logical blocks: (10.5 MB/10.0 MiB)
[    7.032462] sd 2:0:1:0: [sdb] Write Protect is off
[    7.032474] sd 2:0:0:0: [sda] Write Protect is off
[    7.032549] sd 2:0:1:0: [sdb] Incomplete mode parameter data
[    7.032551] sd 2:0:1:0: [sdb] Assuming drive cache: write through
[    7.032560] sd 2:0:0:0: [sda] Incomplete mode parameter data
[    7.032561] sd 2:0:0:0: [sda] Assuming drive cache: write through
[    7.045175]  sda: sda1
[    7.046840] sd 2:0:0:0: [sda] Attached SCSI disk
[    7.047856] sd 2:0:1:0: [sdb] Attached SCSI disk
[    7.682971] e1000 0000:00:08.0 eth1: (PCI:33MHz:32-bit) 08:00:27:23:2b:c1
[    7.686872] e1000 0000:00:08.0 eth1: Intel(R) PRO/1000 Network Connection
[    7.692280] e1000 0000:00:03.0 enp0s3: renamed from eth0
[    7.702494] e1000 0000:00:08.0 enp0s8: renamed from eth1
Begin: Loading essential drivers ... [    9.010462] md: linear personality registered for level -1
[    9.013034] md: multipath personality registered for level -4
[    9.015682] md: raid0 personality registered for level 0
[    9.019110] md: raid1 personality registered for level 1
[    9.090288] raid6: sse2x1   gen() 11618 MB/s
[    9.158284] raid6: sse2x1   xor()  7982 MB/s
[    9.226293] raid6: sse2x2   gen() 13481 MB/s
[    9.294295] raid6: sse2x2   xor() 10221 MB/s
[    9.362287] raid6: sse2x4   gen() 16119 MB/s
[    9.430286] raid6: sse2x4   xor() 11423 MB/s
[    9.498290] raid6: avx2x1   gen() 23001 MB/s
[    9.566287] raid6: avx2x2   gen() 27120 MB/s
[    9.634289] raid6: avx2x4   gen() 31245 MB/s
[    9.635170] raid6: using algorithm avx2x4 gen() 31245 MB/s
[    9.636169] raid6: using avx2x2 recovery algorithm
[    9.638332] xor: automatically using best checksumming function:
[    9.750784]    avx       : 102425.000 MB/sec
[    9.752258] async_tx: api initialized (async)
[    9.760062] md: raid6 personality registered for level 6
[    9.761072] md: raid5 personality registered for level 5
[    9.762023] md: raid4 personality registered for level 4
[    9.767709] md: raid10 personality registered for level 10
done.
Begin: Running /scripts/init-premount ... done.
Begin: Mounting root file system ... Begin: Running /scripts/local-top ... done.
Begin: Running /scripts/local-premount ... [    9.792033] Btrfs loaded
Scanning for Btrfs filesystems
done.
Warning: fsck not present, so skipping root file system
[    9.810725] EXT4-fs (sda1): mounted filesystem with ordered data mode. Opts: (null)
done.
Begin: Running /scripts/local-bottom ... done.
Begin: Running /scripts/init-bottom ... done.
[    9.869430] systemd[1]: systemd 229 running in system mode. (+PAM +AUDIT +SELINUX +IMA +APPARMOR +SMACK +SYSVINIT +UTMP +LIBCRYPTSETUP +GCRYPT +GNUTLS +ACL +XZ -LZ4 +SECCOMP +BLKID +ELFUTILS +KMOD -IDN)
[    9.872044] systemd[1]: Detected virtualization oracle.
[    9.872808] systemd[1]: Detected architecture x86-64.

Welcome to [1mUbuntu 16.04.7 LTS[0m!

[    9.875001] systemd[1]: Set hostname to <ubuntu>.
[    9.876666] systemd[1]: Initializing machine ID from random generator.
[    9.877585] systemd[1]: Installed transient /etc/machine-id file.
[    9.972062] systemd[1]: Listening on Journal Audit Socket.
[[0;32m  OK  [0m] Listening on Journal Audit Socket.
[    9.973546] systemd[1]: Listening on /dev/initctl Compatibility Named Pipe.
[[0;32m  OK  [0m] Listening on /dev/initctl Compatibility Named Pipe.
[    9.975255] systemd[1]: Reached target System Time Synchronized.
[[0;32m  OK  [0m] Reached target System Time Synchronized.
[    9.976779] systemd[1]: Reached target Encrypted Volumes.
[[0;32m  OK  [0m] Reached target Encrypted Volumes.
[    9.978168] systemd[1]: Listening on udev Control Socket.
[[0;32m  OK  [0m] Listening on udev Control Socket.
[    9.979605] systemd[1]: Started Trigger resolvconf update for networkd DNS.
[[0;32m  OK  [0m] Started Trigger resolvconf update for networkd DNS.
[    9.981277] systemd[1]: Listening on Syslog Socket.
[[0;32m  OK  [0m] Listening on Syslog Socket.
[    9.982800] systemd[1]: Created slice System Slice.
[[0;32m  OK  [0m] Created slice System Slice.
[    9.984308] systemd[1]: Created slice system-serial\x2dgetty.slice.
[[0;32m  OK  [0m] Created slice system-serial\x2dgetty.slice.
[    9.985903] systemd[1]: Listening on Journal Socket.
[[0;32m  OK  [0m] Listening on Journal Socket.
[   10.002392] systemd[1]: Mounting POSIX Message Queue File System...
         Mounting POSIX Message Queue File System...
[   10.015217] systemd[1]: Mounting Huge Pages File System...
         Mounting Huge Pages File System...
[   10.017872] systemd[1]: Mounting Debug File System...
         Mounting Debug File System...
[   10.020447] systemd[1]: Starting Uncomplicated firewall...
         Starting Uncomplicated firewall...
[   10.022498] systemd[1]: Listening on Device-mapper event daemon FIFOs.
[[0;32m  OK  [0m] Listening on Device-mapper event daemon FIFOs.
[   10.024524] systemd[1]: Reached target Swap.
[[0;32m  OK  [0m] Reached target Swap.
[   10.026501] systemd[1]: Created slice User and Session Slice.
[[0;32m  OK  [0m] Created slice User and Session Slice.
[   10.028628] systemd[1]: Started Forward Password Requests to Wall Directory Watch.
[[0;32m  OK  [0m] Started Forward Password Requests to Wall Directory Watch.
[   10.032403] systemd[1]: Starting Load Kernel Modules...
         Starting Load Kernel Modules...
[   10.034695] systemd[1]: Starting Nameserver information manager...
         Starting Nameserver information manager...
[   10.040926] Loading iSCSI transport class v2.0-870.
[   10.042486] systemd[1]: Listening on fsck to fsckd communication Socket.
[[0;32m  OK  [0m] Listening on fsck to fsckd communication Socket.
[   10.044952] systemd[1]: Starting File System Check on Root Device...
         Starting File System Check on Root Device...
[   10.046727] systemd[1]: Listening on udev Kernel Socket.
[[0;32m  OK  [0m] Listening on udev Kernel Socket.
[   10.049289] systemd[1]: Listening on LVM2 metadata daemon socket.
[   10.050286] iscsi: registered transport (tcp)
[[0;32m  OK  [0m] Listening on LVM2 metadata daemon socket.
[   10.052399] systemd[1]: Starting Monitoring of LVM2 mirrors, snapshots etc. using dmeventd or progress polling...
         Starting Monitoring of LVM2 mirrors... dmeventd or progress polling...
[   10.055826] systemd[1]: Reached target User and Group Name Lookups.
[[0;32m  OK  [0m] Reached target User and Group Name Lookups.
[   10.058091] systemd[1]: Listening on Journal Socket (/dev/log).
[[0;32m  OK  [0m] Listening on Journal Socket (/dev/log).
[   10.060539] systemd[1]: Starting Journal Service...
         Starting Journal Service...
[   10.062607] systemd[1]: Listening on LVM2 poll daemon socket.
[[0;32m  OK  [0m] Listening on LVM2 poll daemon socket.
[   10.065205] systemd[1]: Starting Set console keymap...
         Starting Set console keymap...
[   10.068560] systemd[1]: Set up automount Arbitrary Executable File Formats File System Automount Point.
[[0;32m  OK  [0m] Set up automount Arbitrary Executab...ats File System Automount Point.
[   10.072492] systemd[1]: Starting Create list of required static device nodes for the current kernel...
         Starting Create list of required st... nodes for the current kernel...
[   10.075154] systemd[1]: Reached target Slices.
[[0;32m  OK  [0m] Reached target Slices.
[   10.077870] systemd[1]: Mounted Huge Pages File System.
[[0;32m  OK  [0m] Mounted Huge Pages File System.
[   10.079568] systemd[1]: Mounted POSIX Message Queue File System.
[[0;32m  OK  [0m] Mounted POSIX Message Queue File System.
[   10.081377] systemd[1]: Mounted Debug File System.
[[0;32m  OK  [0m] Mounted Debug File System.
[   10.083370] systemd[1]: Started Uncomplicated firewall.
[[0;32m  OK  [0m] Started Uncomplicated firewall.
[   10.086300] systemd[1]: Started File System Check on Root Device.
[[0;32m  OK  [0m] Started File System Check on Root Device.
[   10.088587] systemd[1]: Started Create list of required static device nodes for the current kernel.
[[0;32m  OK  [0m] Started Create list of required sta...ce nodes for the current kernel.
[   10.091643] systemd[1]: Started Nameserver information manager.
[[0;32m  OK  [0m] Started Nameserver information manager.
[   10.095177] systemd[1]: Started LVM2 metadata daemon.
[[0;32m  OK  [0m] Started LVM2 metadata daemon.
[   10.097428] systemd[1]: Started File System Check Daemon to report status.
[[0;32m  OK  [0m] Started File System Check Daemon to report status.
[   10.100827] systemd[1]: Starting Create Static Device Nodes in /dev...
         Starting Create Static Device Nodes in /dev...
[   10.103965] systemd[1]: Starting Remount Root and Kernel File Systems...
         Starting Remount Root and Kernel File Systems...
[   10.107923] EXT4-fs (sda1): re-mounted. Opts: (null)
[   10.111173] systemd[1]: Started Remount Root and Kernel File Systems.
[[0;32m  OK  [0m] Started Remount Root and Kernel File Systems.
[   10.114260] systemd[1]: Starting udev Coldplug all Devices...
         Starting udev Coldplug all Devices...
[   10.116690] systemd[1]: Starting Load/Save Random Seed...
         Starting Load/Save Random Seed...
[   10.123899] systemd[1]: Started Load/Save Random Seed.
[[0;32m  OK  [0m] Started Load/Save Random Seed.
[   10.127395] systemd[1]: Started Create Static Device Nodes in /dev.
[[0;32m  OK  [0m] Started Create Static Device Nodes in /dev.
[   10.133920] iscsi: registered transport (iser)
[   10.135782] systemd[1]: Starting udev Kernel Device Manager...
         Starting udev Kernel Device Manager...
[   10.138620] systemd[1]: Started Load Kernel Modules.
[[0;32m  OK  [0m] Started Load Kernel Modules.
[   10.141163] systemd[1]: Started Journal Service.
[[0;32m  OK  [0m] Started Journal Service.
         Starting Flush Journal to Persistent Storage...
         Mounting FUSE Control File System...
         Starting Apply Kernel Variables...
[[0;32m  OK  [0m] Mounted FUSE Control File System.
[   10.152770] systemd-journald[392]: Received request to flush runtime journal from PID 1
[[0;32m  OK  [0m] Started Flush Journal to Persistent Storage.
[[0;32m  OK  [0m] Started Apply Kernel Variables.
[[0;32m  OK  [0m] Started udev Kernel Device Manager.
[[0;32m  OK  [0m] Started Set console keymap.
[[0;32m  OK  [0m] Started udev Coldplug all Devices.
[[0;32m  OK  [0m] Started Dispatch Password Requests to Console Directory Watch.
[[0;32m  OK  [0m] Found device /dev/ttyS0.
[[0;32m  OK  [0m] Listening on Load/Save RF Kill Switch Status /dev/rfkill Watch.
[[0;32m  OK  [0m] Started Monitoring of LVM2 mirrors,...ng dmeventd or progress polling.
[[0;32m  OK  [0m] Reached target Local File Systems (Pre).
[[0;32m  OK  [0m] Reached target Local File Systems.
         Starting Initial cloud-init job (pre-networking)...
         Starting Commit a transient machine-id on disk...
         Starting Create Volatile Files and Directories...
         Starting Tell Plymouth To Write Out Runtime Data...
         Starting LSB: AppArmor initialization...
         Starting Set console font and keymap...
[[0;32m  OK  [0m] Started Create Volatile Files and Directories.
         Starting Update UTMP about System Boot/Shutdown...
[[0;32m  OK  [0m] Started Tell Plymouth To Write Out Runtime Data.
[[0;32m  OK  [0m] Started Update UTMP about System Boot/Shutdown.
[[0;32m  OK  [0m] Started Commit a transient machine-id on disk.
[[0;32m  OK  [0m] Started Set console font and keymap.
[[0;32m  OK  [0m] Created slice system-getty.slice.
[[0;32m  OK  [0m] Started LSB: AppArmor initialization.
         Starting Load AppArmor profiles managed internally by snapd...
[[0;32m  OK  [0m] Started Load AppArmor profiles managed internally by snapd.
[   11.270721] cloud-init[609]: Cloud-init v. 21.1-19-gbad84ad4-0ubuntu1~16.04.2 running 'init-local' at Thu, 02 Mar 2023 09:24:09 +0000. Up 11.04 seconds.
[[0;32m  OK  [0m] Started Initial cloud-init job (pre-networking).
[[0;32m  OK  [0m] Reached target Network (Pre).
         Starting Raise network interfaces...
[[0;32m  OK  [0m] Started Raise network interfaces.
         Starting Initial cloud-init job (metadata service crawler)...
[[0;32m  OK  [0m] Reached target Network.
[   12.200417] cloud-init[958]: Cloud-init v. 21.1-19-gbad84ad4-0ubuntu1~16.04.2 running 'init' at Thu, 02 Mar 2023 09:24:10 +0000. Up 11.70 seconds.
[   12.202528] cloud-init[958]: ci-info: ++++++++++++++++++++++++++++++++++++++Net device info+++++++++++++++++++++++++++++++++++++++
[   12.204462] cloud-init[958]: ci-info: +--------+-------+----------------------------+---------------+--------+-------------------+
[   12.206454] cloud-init[958]: ci-info: | Device |   Up  |          Address           |      Mask     | Scope  |     Hw-Address    |
[   12.208478] cloud-init[958]: ci-info: +--------+-------+----------------------------+---------------+--------+-------------------+
[   12.210396] cloud-init[958]: ci-info: | enp0s3 |  True |         10.0.2.15          | 255.255.255.0 | global | 02:be:82:6b:cc:1d |
[   12.212354] cloud-init[958]: ci-info: | enp0s3 |  True | fe80::be:82ff:fe6b:cc1d/64 |       .       |  link  | 02:be:82:6b:cc:1d |
[   12.214316] cloud-init[958]: ci-info: | enp0s8 | False |             .              |       .       |   .    | 08:00:27:23:2b:c1 |
[   12.216358] cloud-init[958]: ci-info: |   lo   |  True |         127.0.0.1          |   255.0.0.0   |  host  |         .         |
[   12.218307] cloud-init[958]: ci-info: |   lo   |  True |          ::1/128           |       .       |  host  |         .         |
[   12.220276] cloud-init[958]: ci-info: +--------+-------+----------------------------+---------------+--------+-------------------+
[   12.222226] cloud-init[958]: ci-info: +++++++++++++++++++++++++++Route IPv4 info++++++++++++++++++++++++++++
[   12.223955] cloud-init[958]: ci-info: +-------+-------------+----------+---------------+-----------+-------+
[   12.225708] cloud-init[958]: ci-info: | Route | Destination | Gateway  |    Genmask    | Interface | Flags |
[   12.227546] cloud-init[958]: ci-info: +-------+-------------+----------+---------------+-----------+-------+
[   12.229450] cloud-init[958]: ci-info: |   0   |   0.0.0.0   | 10.0.2.2 |    0.0.0.0    |   enp0s3  |   UG  |
[   12.231278] cloud-init[958]: ci-info: |   1   |   10.0.2.0  | 0.0.0.0  | 255.255.255.0 |   enp0s3  |   U   |
[   12.233074] cloud-init[958]: ci-info: +-------+-------------+----------+---------------+-----------+-------+
[   12.234880] cloud-init[958]: ci-info: +++++++++++++++++++Route IPv6 info+++++++++++++++++++
[   12.236342] cloud-init[958]: ci-info: +-------+-------------+---------+-----------+-------+
[   12.237834] cloud-init[958]: ci-info: | Route | Destination | Gateway | Interface | Flags |
[   12.239390] cloud-init[958]: ci-info: +-------+-------------+---------+-----------+-------+
[   12.240959] cloud-init[958]: ci-info: |   0   |  fe80::/64  |    ::   |   enp0s3  |   U   |
[   12.242581] cloud-init[958]: ci-info: |   3   |   ff00::/8  |    ::   |   enp0s3  |   U   |
[   12.244264] cloud-init[958]: ci-info: +-------+-------------+---------+-----------+-------+
[   12.245840] cloud-init[958]: Generating public/private rsa key pair.
[[0;32m  OK  [0m] Started Initial cloud-init job (metadata service crawler).
[   12.248292] cloud-init[958]: Your identification has been saved in /etc/ssh/ssh_host_rsa_key.
[   12.249547] cloud-init[958]: Your public key has been saved in /etc/ssh/ssh_host_rsa_key.pub.
[   12.249722] cloud-init[958]: The key fingerprint is:
[   12.250071] cloud-init[958]: SHA256:iY9m7OlnM8J18cS0Whmjim8caBfG3tTN3IOtsnHjMlA root@ubuntu-xenial
[   12.250323] cloud-init[958]: The key's randomart image is:
[   12.250705] cloud-init[958]: +---[RSA 2048]----+
[   12.251081] cloud-init[958]: |                 |
[   12.251342] cloud-init[958]: |            +    |
[   12.251713] cloud-init[958]: |       .   = Oo. |
[   12.252119] cloud-init[958]: |       .+.+EB.+o.|
[   12.252341] cloud-init[958]: |      .=S=.*  . .|
[   12.252721] cloud-init[958]: |     .+o*.+o.+   |
[   12.252981] cloud-init[958]: |     o==.o. * .  |
[   12.253273] cloud-init[958]: |     +o.O  + .   |
[   12.253552] cloud-init[958]: |     .+= o  o    |
[   12.253835] cloud-init[958]: +----[SHA256]-----+
[   12.254101] cloud-init[958]: Generating public/private dsa key pair.
[   12.254458] cloud-init[958]: Your identification has been saved in /etc/ssh/ssh_host_dsa_key.
[   12.254790] cloud-init[958]: Your public key has been saved in /etc/ssh/ssh_host_dsa_key.pub.
[[0;32m  OK  [0m] Reached target Network is Online.
[   12.255150] cloud-init[958]: The key fingerprint is:
[   12.260505] cloud-init[958]: SHA256:HB581sRRP2QCvOFvZqA/bjDw6r7rM7o/Z+s1N6ooa/M root@ubuntu-xenial
[   12.261640] cloud-init[958]: The key's randomart image is:
[   12.262486] cloud-init[958]: +---[DSA 1024]----+
[   12.263220] cloud-init[958]: |          .o++.o |
[   12.263954] cloud-init[958]: |       .   =. +. |
[   12.264691] cloud-init[958]: |        + + +  ..|
[   12.265337] cloud-init[958]: |       + = +    .|
[   12.265964] cloud-init[958]: |        S . o    |
[   12.266574] cloud-init[958]: |         =   =   |
[   12.267190] cloud-init[958]: |        . +o+o   |
[   12.267771] cloud-init[958]: |     + =.o.++ .  |
[   12.268388] cloud-init[958]: |    .+%EX+=o.    |
[   12.268976] cloud-init[958]: +----[SHA256]-----+
[   12.269569] cloud-init[958]: Generating public/private ecdsa key pair.
[   12.270304] cloud-init[958]: Your identification has been saved in /etc/ssh/ssh_host_ecdsa_key.
[   12.271189] cloud-init[958]: Your public key has been saved in /etc/ssh/ssh_host_ecdsa_key.pub.
[   12.272097] cloud-init[958]: The key fingerprint is:
[   12.272708] cloud-init[958]: SHA256:Rf9YRbMeXbOt3pOKHNL2+ynjSONtunHJlJKDNlktl1w root@ubuntu-xenial
[   12.273624] cloud-init[958]: The key's randomart image is:
[   12.274351] cloud-init[958]: +---[ECDSA 256]---+
[   12.274991] cloud-init[958]: |          .    E+|
[   12.275538] cloud-init[958]: |         . .o o.O|
[   12.276157] cloud-init[958]: |          .o.=.+o|
[   12.276723] cloud-init[958]: |         .+ ++o..|
[   12.276919] cloud-init[958]: |        S= +.oo. |
[   12.277209] cloud-init[958]: |        . o =....|
[   12.277514] cloud-init[958]: |         . B +.o.|
         Starting iSCSI initiator daemon (iscsid)...
[   12.277588] cloud-init[958]: |          * X+. o|
[[   12.277858] cloud-init[958]: |           B=*=o |
[   12.279346] cloud-init[958]: +----[SHA256]-----+
[   12.279610] cloud-init[958]: Generating public/private ed25519 key pair.
[   12.279799] cloud-init[958]: Your identification has been saved in /etc/ssh/ssh_host_ed25519_key.
[   12.279991] cloud-init[958]: Your public key has been saved in /etc/ssh/ssh_host_ed25519_key.pub.
[   12.280291] cloud-init[958]: The key fingerprint is:
[   12.280483] cloud-init[958]: SHA256:nhrk2oTEqpBx+wT6ShGfYsidgwnNRoOayCNwSygETmA root@ubuntu-xenial
[   12.280675] cloud-init[958]: The key's randomart image is:
[   12.280871] cloud-init[958]: +--[ED25519 256]--+
[   12.281035] cloud-init[958]: |*Eo              |
[   12.281249] cloud-init[958]: |O+o.             |
[   12.281454] cloud-init[958]: |B*+.             |
[   12.281628] cloud-init[958]: |O+B.o            |
[   12.281821] cloud-init[958]: |+B+*o . S        |
[   12.282021] cloud-init[958]: |.=o=.+ . .       |
[   12.282209] cloud-init[958]: |+.o o + o        |
[   12.282405] cloud-init[958]: |oo o + o         |
[   12.282598] cloud-init[958]: |o.. o o          |
[   12.282792] cloud-init[958]: +----[SHA256]-----+
[0;32m  OK  [0m] Reached target System Initialization.
[[0;32m  OK  [0m] Started Message of the Day.
         Starting LXD - unix socket.
[[0;32m  OK  [0m] Listening on ACPID Listen Socket.
[[0;32m  OK  [0m] Listening on D-Bus System Message Bus Socket.
[[0;32m  OK  [0m] Started Ubuntu Advantage update messaging.
[[0;32m  OK  [0m] Started Daily Cleanup of Temporary Directories.
[[0;32m  OK  [0m] Started Daily apt download activities.
[[0;32m  OK  [0m] Listening on UUID daemon activation socket.
[[0;32m  OK  [0m] Started ACPI Events Check.
[[0;32m  OK  [0m] Reached target Paths.
[[0;32m  OK  [0m] Started Daily apt upgrade and clean activities.
[[0;32m  OK  [0m] Reached target Timers.
         Starting Socket activation for snappy daemon.
[[0;32m  OK  [0m] Reached target Cloud-config availability.
[[0;32m  OK  [0m] Listening on LXD - unix socket.
[[0;32m  OK  [0m] Listening on Socket activation for snappy daemon.
[[0;32m  OK  [0m] Reached target Sockets.
[[0;32m  OK  [0m] Reached target Basic System.
[[0;32m  OK  [0m] Started Regular background program processing daemon.
[[0;32m  OK  [0m] Started ACPI event daemon.
         Starting Login Service...
         Starting System Logging Service...
         Starting Pollinate to seed the pseudo random number generator...
         Starting LSB: Record successful boot for GRUB...
         Starting Accounts Service...
         Starting Virtualbox guest utils...
[[0;32m  OK  [0m] Started D-Bus System Message Bus.
[[0;32m  OK  [0m] Started Deferred execution scheduler.
[[0;32m  OK  [0m] Started FUSE filesystem for LXC.
         Starting LSB: MD monitoring daemon...
         Starting Snap Daemon...
         Starting /etc/rc.local Compatibility...
         Starting LXD - container startup/shutdown...
[[0;32m  OK  [0m] Started System Logging Service.
[[0;32m  OK  [0m] Started iSCSI initiator daemon (iscsid).
[[0;32m  OK  [0m] Started /etc/rc.local Compatibility.
[[0;32m  OK  [0m] Started Login Service.
[[0;32m  OK  [0m] Started Unattended Upgrades Shutdown.
         Starting Login to default iSCSI targets...
[[0;32m  OK  [0m] Started LSB: Record successful boot for GRUB.
         Starting Authenticate and Authorize Users to Run Privileged Tasks...
[[0;32m  OK  [0m] Started LSB: MD monitoring daemon.
[[0;32m  OK  [0m] Started Login to default iSCSI targets.
[[0;32m  OK  [0m] Reached target Remote File Systems (Pre).
[[0;32m  OK  [0m] Reached target Remote File Systems.
         Starting LSB: automatic crash report generation...
         Starting LSB: daemon to balance interrupts for SMP systems...
         Starting Permit User Sessions...
         Starting LSB: Set the CPU Frequency Scaling governor to "ondemand"...
[[0;32m  OK  [0m] Started Permit User Sessions.
         Starting Hold until boot process finishes up...
         Starting Terminate Plymouth Boot Screen...
[[0;32m  OK  [0m] Started Hold until boot process finishes up.
         Starting Set console scheme...
[[0;32m  OK  [0m] Started Getty on tty1.
[[0;32m  OK  [0m] Started Serial Getty on ttyS0.
[[0;32m  OK  [0m] Reached target Login Prompts.
[[0;32m  OK  [0m] Started LSB: daemon to balance interrupts for SMP systems.
[[0;32m  OK  [0m] Started LSB: automatic crash report generation.
[[0;32m  OK  [0m] Started LSB: Set the CPU Frequency Scaling governor to "ondemand".
[[0;32m  OK  [0m] Started Terminate Plymouth Boot Screen.
[[0;32m  OK  [0m] Started Set console scheme.
[[0;32m  OK  [0m] Started Authenticate and Authorize Users to Run Privileged Tasks.
[[0;32m  OK  [0m] Started Accounts Service.
[[0;32m  OK  [0m] Started LXD - container startup/shutdown.
[[0;32m  OK  [0m] Started Virtualbox guest utils.
[[0;32m  OK  [0m] Started Snap Daemon.
         Starting Wait until snapd is fully seeded...
[[0;32m  OK  [0m] Started Pollinate to seed the pseudo random number generator.
         Starting OpenBSD Secure Shell server...
[[0;32m  OK  [0m] Started OpenBSD Secure Shell server.
[[0;32m  OK  [0m] Created slice User Slice of vagrant.
         Starting User Manager for UID 1000...
[[0;32m  OK  [0m] Started Session 1 of user vagrant.
[[0;32m  OK  [0m] Started User Manager for UID 1000.
[[0;32m  OK  [0m] Started Wait until snapd is fully seeded.
[[0;32m  OK  [0m] Reached target Multi-User System.
[[0;32m  OK  [0m] Reached target Graphical Interface.
         Starting Update UTMP about System Runlevel Changes...
         Starting Apply the settings specified in cloud-config...
[[0;32m  OK  [0m] Started Update UTMP about System Runlevel Changes.
[   16.063569] cloud-init[1417]: Generating locales (this might take a while)...
[   16.630056] cloud-init[1417]:   en_US.UTF-8... done
[   16.631026] cloud-init[1417]: Generation complete.
[   16.869630] cloud-init[1417]: Cloud-init v. 21.1-19-gbad84ad4-0ubuntu1~16.04.2 running 'modules:config' at Thu, 02 Mar 2023 09:24:14 +0000. Up 15.99 seconds.
[[0;32m  OK  [0m] Started Apply the settings specified in cloud-config.
         Starting Execute cloud user/final scripts...
         Stopping User Manager for UID 1000...
[[0;32m  OK  [0m] Stopped User Manager for UID 1000.
[[0;32m  OK  [0m] Removed slice User Slice of vagrant.
[[0;32m  OK  [0m] Created slice User Slice of vagrant.
         Starting User Manager for UID 1000...
[[0;32m  OK  [0m] Started Session 2 of user vagrant.
[[0;32m  OK  [0m] Started User Manager for UID 1000.
ci-info: no authorized SSH keys fingerprints found for user ubuntu.
<14>Mar  2 09:24:16 ec2: 
<14>Mar  2 09:24:16 ec2: #############################################################
<14>Mar  2 09:24:16 ec2: -----BEGIN SSH HOST KEY FINGERPRINTS-----
<14>Mar  2 09:24:16 ec2: 1024 SHA256:HB581sRRP2QCvOFvZqA/bjDw6r7rM7o/Z+s1N6ooa/M root@ubuntu-xenial (DSA)
<14>Mar  2 09:24:16 ec2: 256 SHA256:Rf9YRbMeXbOt3pOKHNL2+ynjSONtunHJlJKDNlktl1w root@ubuntu-xenial (ECDSA)
<14>Mar  2 09:24:16 ec2: 256 SHA256:nhrk2oTEqpBx+wT6ShGfYsidgwnNRoOayCNwSygETmA root@ubuntu-xenial (ED25519)
<14>Mar  2 09:24:16 ec2: 2048 SHA256:iY9m7OlnM8J18cS0Whmjim8caBfG3tTN3IOtsnHjMlA root@ubuntu-xenial (RSA)
<14>Mar  2 09:24:16 ec2: -----END SSH HOST KEY FINGERPRINTS-----
<14>Mar  2 09:24:16 ec2: #############################################################
-----BEGIN SSH HOST KEY KEYS-----
ecdsa-sha2-nistp256 AAAAE2VjZHNhLXNoYTItbmlzdHAyNTYAAAAIbmlzdHAyNTYAAABBBA/mXUQtQgXg5+VnbK8t1wmWRmbhE2cr7mx12v8bbXeuBguYwcuTYXjNI2R9lc8se8BCwJF1fYiUi21LrCxnxc4= root@ubuntu-xenial
ssh-ed25519 AAAAC3NzaC1lZDI1NTE5AAAAIPFIbH7VD70WZs+XE4ACVkgUA7bN/4wUzNKh+Tm/MQxK root@ubuntu-xenial
ssh-rsa AAAAB3NzaC1yc2EAAAADAQABAAABAQC6hjaICoV+f74Lu/uYApyAVwJcZSJMVD7AKAxgxuuoIaZqfdn3HfOKhC4rdA5zn/NQe7qBhTc0NRBB7cn8YCtWwn6wADR7DftaFlXLPDBCbiWPoZbxavYZflGaPFPhkndTAdWj+CNxJS5Sf/2Hzq8OtwhYb7LtFCDAs0RGw7Q7E+PXsgunrnnYnvxK9ghLc37c5+gKiZeQdLhtGDwxmKVfrIgDG1RnhHLbhFmDvkIOrrUMYp9EorFYURUS3yFugbIPt8lG2bCApAMPkGN6XWT97F2K560CU+p6xh8KQGCfbvyEuwDZ/HaEMKPGA+a0fCkCB/87QvQyo3s6g8ZjAWnd root@ubuntu-xenial
-----END SSH HOST KEY KEYS-----
[   17.264274] cloud-init[1512]: Cloud-init v. 21.1-19-gbad84ad4-0ubuntu1~16.04.2 running 'modules:final' at Thu, 02 Mar 2023 09:24:15 +0000. Up 17.14 seconds.
[   17.266038] cloud-init[1512]: ci-info: no authorized SSH keys fingerprints found for user ubuntu.
[   17.267380] cloud-init[1512]: Cloud-init v. 21.1-19-gbad84ad4-0ubuntu1~16.04.2 finished at Thu, 02 Mar 2023 09:24:16 +0000. Datasource DataSourceNoCloud [seed=/dev/sdb][dsmode=net].  Up 17.25 seconds
[[0;32m  OK  [0m] Started Execute cloud user/final scripts.
[[0;32m  OK  [0m] Reached target Cloud-init target.

Ubuntu 16.04.7 LTS ubuntu-xenial ttyS0

ubuntu-xenial login: 